../source_rtos/FreeRTOS/queue.c:292:12:xQueueGenericReset	24	static,ignoring_inline_asm
../source_rtos/FreeRTOS/queue.c:424:19:xQueueGenericCreate	48	static
../source_rtos/FreeRTOS/queue.c:490:13:prvInitialiseNewQueue	24	static
../source_rtos/FreeRTOS/queue.c:831:12:xQueueGenericSend	48	static,ignoring_inline_asm
../source_rtos/FreeRTOS/queue.c:1043:12:xQueueGenericSendFromISR	64	static,ignoring_inline_asm
../source_rtos/FreeRTOS/queue.c:1208:12:xQueueGiveFromISR	56	static,ignoring_inline_asm
../source_rtos/FreeRTOS/queue.c:1374:12:xQueueReceive	48	static,ignoring_inline_asm
../source_rtos/FreeRTOS/queue.c:1517:12:xQueueSemaphoreTake	40	static,ignoring_inline_asm
../source_rtos/FreeRTOS/queue.c:1727:12:xQueuePeek	48	static,ignoring_inline_asm
../source_rtos/FreeRTOS/queue.c:1878:12:xQueueReceiveFromISR	64	static,ignoring_inline_asm
../source_rtos/FreeRTOS/queue.c:1971:12:xQueuePeekFromISR	48	static,ignoring_inline_asm
../source_rtos/FreeRTOS/queue.c:2026:13:uxQueueMessagesWaiting	24	static
../source_rtos/FreeRTOS/queue.c:2042:13:uxQueueSpacesAvailable	24	static
../source_rtos/FreeRTOS/queue.c:2059:13:uxQueueMessagesWaitingFromISR	24	static
../source_rtos/FreeRTOS/queue.c:2071:6:vQueueDelete	24	static
../source_rtos/FreeRTOS/queue.c:2171:19:prvCopyDataToQueue	32	static
../source_rtos/FreeRTOS/queue.c:2254:13:prvCopyDataFromQueue	16	static
../source_rtos/FreeRTOS/queue.c:2275:13:prvUnlockQueue	24	static
../source_rtos/FreeRTOS/queue.c:2395:19:prvIsQueueEmpty	24	static
../source_rtos/FreeRTOS/queue.c:2416:12:xQueueIsQueueEmptyFromISR	24	static
../source_rtos/FreeRTOS/queue.c:2436:19:prvIsQueueFull	24	static
../source_rtos/FreeRTOS/queue.c:2457:12:xQueueIsQueueFullFromISR	24	static
