../source_rtos/FreeRTOS/tasks.c:725:16:xTaskCreate	56	static
../source_rtos/FreeRTOS/tasks.c:820:13:prvInitialiseNewTask	32	static
../source_rtos/FreeRTOS/tasks.c:1030:13:prvAddNewTaskToReadyList	24	static,ignoring_inline_asm
../source_rtos/FreeRTOS/tasks.c:1116:10:vTaskDelete	24	static,ignoring_inline_asm
../source_rtos/FreeRTOS/tasks.c:1218:16:xTaskDelayUntil	32	static,ignoring_inline_asm
../source_rtos/FreeRTOS/tasks.c:1305:10:vTaskDelay	24	static,ignoring_inline_asm
../source_rtos/FreeRTOS/tasks.c:1449:17:uxTaskPriorityGet	24	static
../source_rtos/FreeRTOS/tasks.c:1471:17:uxTaskPriorityGetFromISR	40	static,ignoring_inline_asm
../source_rtos/FreeRTOS/tasks.c:1512:10:vTaskPrioritySet	40	static,ignoring_inline_asm
../source_rtos/FreeRTOS/tasks.c:1678:10:vTaskSuspend	24	static,ignoring_inline_asm
../source_rtos/FreeRTOS/tasks.c:1784:23:prvTaskIsTaskSuspended	24	static
../source_rtos/FreeRTOS/tasks.c:1830:10:vTaskResume	24	static,ignoring_inline_asm
../source_rtos/FreeRTOS/tasks.c:1884:16:xTaskResumeFromISR	48	static,ignoring_inline_asm
../source_rtos/FreeRTOS/tasks.c:1959:6:vTaskStartScheduler	24	static,ignoring_inline_asm
../source_rtos/FreeRTOS/tasks.c:2084:6:vTaskEndScheduler	16	static,ignoring_inline_asm
../source_rtos/FreeRTOS/tasks.c:2095:6:vTaskSuspendAll	4	static,ignoring_inline_asm
../source_rtos/FreeRTOS/tasks.c:2179:12:xTaskResumeAll	32	static,ignoring_inline_asm
../source_rtos/FreeRTOS/tasks.c:2291:12:xTaskGetTickCount	16	static
../source_rtos/FreeRTOS/tasks.c:2306:12:xTaskGetTickCountFromISR	16	static
../source_rtos/FreeRTOS/tasks.c:2337:13:uxTaskGetNumberOfTasks	4	static
../source_rtos/FreeRTOS/tasks.c:2345:8:pcTaskGetName	24	static
../source_rtos/FreeRTOS/tasks.c:2621:12:xTaskCatchUpTicks	24	static
../source_rtos/FreeRTOS/tasks.c:2725:12:xTaskIncrementTick	40	static
../source_rtos/FreeRTOS/tasks.c:3014:6:vTaskSwitchContext	24	static,ignoring_inline_asm
../source_rtos/FreeRTOS/tasks.c:3088:6:vTaskPlaceOnEventList	16	static
../source_rtos/FreeRTOS/tasks.c:3113:6:vTaskPlaceOnUnorderedEventList	32	static
../source_rtos/FreeRTOS/tasks.c:3174:12:xTaskRemoveFromEventList	40	static
../source_rtos/FreeRTOS/tasks.c:3242:6:vTaskRemoveFromUnorderedEventList	32	static
../source_rtos/FreeRTOS/tasks.c:3291:6:vTaskSetTimeOutState	16	static
../source_rtos/FreeRTOS/tasks.c:3303:6:vTaskInternalSetTimeOutState	16	static
../source_rtos/FreeRTOS/tasks.c:3311:12:xTaskCheckForTimeOut	32	static
../source_rtos/FreeRTOS/tasks.c:3376:6:vTaskMissedYield	4	static
../source_rtos/FreeRTOS/tasks.c:3433:1:prvIdleTask	16	static,ignoring_inline_asm
../source_rtos/FreeRTOS/tasks.c:3657:13:prvInitialiseTaskLists	16	static
../source_rtos/FreeRTOS/tasks.c:3689:13:prvCheckTasksWaitingTermination	16	static
../source_rtos/FreeRTOS/tasks.c:3946:17:prvDeleteTCB	16	static
../source_rtos/FreeRTOS/tasks.c:3999:13:prvResetNextTaskUnblockTime	4	static
../source_rtos/FreeRTOS/tasks.c:4022:18:xTaskGetCurrentTaskHandle	16	static
../source_rtos/FreeRTOS/tasks.c:4658:12:uxTaskResetEventItemValue	16	static
../source_rtos/FreeRTOS/tasks.c:4691:14:ulTaskGenericNotifyTake	32	static,ignoring_inline_asm
../source_rtos/FreeRTOS/tasks.c:4763:16:xTaskGenericNotifyWait	32	static,ignoring_inline_asm
../source_rtos/FreeRTOS/tasks.c:4849:16:xTaskGenericNotify	48	static,ignoring_inline_asm
../source_rtos/FreeRTOS/tasks.c:4972:16:xTaskGenericNotifyFromISR	64	static,ignoring_inline_asm
../source_rtos/FreeRTOS/tasks.c:5111:10:vTaskGenericNotifyGiveFromISR	64	static,ignoring_inline_asm
../source_rtos/FreeRTOS/tasks.c:5200:16:xTaskGenericNotifyStateClear	24	static
../source_rtos/FreeRTOS/tasks.c:5234:14:ulTaskGenericNotifyValueClear	32	static
../source_rtos/FreeRTOS/tasks.c:5317:13:prvAddCurrentTaskToDelayedList	32	static
