Archive member included to satisfy reference by file (symbol)

/opt/st/stm32cubeide_1.12.0/plugins/com.st.stm32cube.ide.mcu.externaltools.gnu-tools-for-stm32.10.3-2021.10.linux64_1.0.200.202301161003/tools/bin/../lib/gcc/arm-none-eabi/10.3.1/../../../../arm-none-eabi/lib/thumb/v7-m/nofp/libc_nano.a(lib_a-errno.o)
                              ./Core/Src/syscalls.o (__errno)
/opt/st/stm32cubeide_1.12.0/plugins/com.st.stm32cube.ide.mcu.externaltools.gnu-tools-for-stm32.10.3-2021.10.linux64_1.0.200.202301161003/tools/bin/../lib/gcc/arm-none-eabi/10.3.1/../../../../arm-none-eabi/lib/thumb/v7-m/nofp/libc_nano.a(lib_a-exit.o)
                              /opt/st/stm32cubeide_1.12.0/plugins/com.st.stm32cube.ide.mcu.externaltools.gnu-tools-for-stm32.10.3-2021.10.linux64_1.0.200.202301161003/tools/bin/../lib/gcc/arm-none-eabi/10.3.1/../../../../arm-none-eabi/lib/thumb/v7-m/nofp/crt0.o (exit)
/opt/st/stm32cubeide_1.12.0/plugins/com.st.stm32cube.ide.mcu.externaltools.gnu-tools-for-stm32.10.3-2021.10.linux64_1.0.200.202301161003/tools/bin/../lib/gcc/arm-none-eabi/10.3.1/../../../../arm-none-eabi/lib/thumb/v7-m/nofp/libc_nano.a(lib_a-impure.o)
                              /opt/st/stm32cubeide_1.12.0/plugins/com.st.stm32cube.ide.mcu.externaltools.gnu-tools-for-stm32.10.3-2021.10.linux64_1.0.200.202301161003/tools/bin/../lib/gcc/arm-none-eabi/10.3.1/../../../../arm-none-eabi/lib/thumb/v7-m/nofp/libc_nano.a(lib_a-exit.o) (_global_impure_ptr)
/opt/st/stm32cubeide_1.12.0/plugins/com.st.stm32cube.ide.mcu.externaltools.gnu-tools-for-stm32.10.3-2021.10.linux64_1.0.200.202301161003/tools/bin/../lib/gcc/arm-none-eabi/10.3.1/../../../../arm-none-eabi/lib/thumb/v7-m/nofp/libc_nano.a(lib_a-init.o)
                              /opt/st/stm32cubeide_1.12.0/plugins/com.st.stm32cube.ide.mcu.externaltools.gnu-tools-for-stm32.10.3-2021.10.linux64_1.0.200.202301161003/tools/bin/../lib/gcc/arm-none-eabi/10.3.1/../../../../arm-none-eabi/lib/thumb/v7-m/nofp/crt0.o (__libc_init_array)
/opt/st/stm32cubeide_1.12.0/plugins/com.st.stm32cube.ide.mcu.externaltools.gnu-tools-for-stm32.10.3-2021.10.linux64_1.0.200.202301161003/tools/bin/../lib/gcc/arm-none-eabi/10.3.1/../../../../arm-none-eabi/lib/thumb/v7-m/nofp/libc_nano.a(lib_a-memcpy-stub.o)
                              ./source_rtos/FreeRTOS/queue.o (memcpy)
/opt/st/stm32cubeide_1.12.0/plugins/com.st.stm32cube.ide.mcu.externaltools.gnu-tools-for-stm32.10.3-2021.10.linux64_1.0.200.202301161003/tools/bin/../lib/gcc/arm-none-eabi/10.3.1/../../../../arm-none-eabi/lib/thumb/v7-m/nofp/libc_nano.a(lib_a-memset.o)
                              /opt/st/stm32cubeide_1.12.0/plugins/com.st.stm32cube.ide.mcu.externaltools.gnu-tools-for-stm32.10.3-2021.10.linux64_1.0.200.202301161003/tools/bin/../lib/gcc/arm-none-eabi/10.3.1/../../../../arm-none-eabi/lib/thumb/v7-m/nofp/crt0.o (memset)

Discarded input sections

 .text          0x0000000000000000        0x0 /opt/st/stm32cubeide_1.12.0/plugins/com.st.stm32cube.ide.mcu.externaltools.gnu-tools-for-stm32.10.3-2021.10.linux64_1.0.200.202301161003/tools/bin/../lib/gcc/arm-none-eabi/10.3.1/thumb/v7-m/nofp/crti.o
 .data          0x0000000000000000        0x0 /opt/st/stm32cubeide_1.12.0/plugins/com.st.stm32cube.ide.mcu.externaltools.gnu-tools-for-stm32.10.3-2021.10.linux64_1.0.200.202301161003/tools/bin/../lib/gcc/arm-none-eabi/10.3.1/thumb/v7-m/nofp/crti.o
 .bss           0x0000000000000000        0x0 /opt/st/stm32cubeide_1.12.0/plugins/com.st.stm32cube.ide.mcu.externaltools.gnu-tools-for-stm32.10.3-2021.10.linux64_1.0.200.202301161003/tools/bin/../lib/gcc/arm-none-eabi/10.3.1/thumb/v7-m/nofp/crti.o
 .data          0x0000000000000000        0x4 /opt/st/stm32cubeide_1.12.0/plugins/com.st.stm32cube.ide.mcu.externaltools.gnu-tools-for-stm32.10.3-2021.10.linux64_1.0.200.202301161003/tools/bin/../lib/gcc/arm-none-eabi/10.3.1/thumb/v7-m/nofp/crtbegin.o
 .rodata        0x0000000000000000       0x24 /opt/st/stm32cubeide_1.12.0/plugins/com.st.stm32cube.ide.mcu.externaltools.gnu-tools-for-stm32.10.3-2021.10.linux64_1.0.200.202301161003/tools/bin/../lib/gcc/arm-none-eabi/10.3.1/thumb/v7-m/nofp/crtbegin.o
 .text          0x0000000000000000       0x7c /opt/st/stm32cubeide_1.12.0/plugins/com.st.stm32cube.ide.mcu.externaltools.gnu-tools-for-stm32.10.3-2021.10.linux64_1.0.200.202301161003/tools/bin/../lib/gcc/arm-none-eabi/10.3.1/../../../../arm-none-eabi/lib/thumb/v7-m/nofp/crt0.o
 .data          0x0000000000000000        0x0 /opt/st/stm32cubeide_1.12.0/plugins/com.st.stm32cube.ide.mcu.externaltools.gnu-tools-for-stm32.10.3-2021.10.linux64_1.0.200.202301161003/tools/bin/../lib/gcc/arm-none-eabi/10.3.1/../../../../arm-none-eabi/lib/thumb/v7-m/nofp/crt0.o
 .bss           0x0000000000000000        0x0 /opt/st/stm32cubeide_1.12.0/plugins/com.st.stm32cube.ide.mcu.externaltools.gnu-tools-for-stm32.10.3-2021.10.linux64_1.0.200.202301161003/tools/bin/../lib/gcc/arm-none-eabi/10.3.1/../../../../arm-none-eabi/lib/thumb/v7-m/nofp/crt0.o
[...]
Memory Configuration

Name             Origin             Length             Attributes
RAM              0x0000000020000000 0x0000000000005000 xrw
FLASH            0x0000000008000000 0x0000000000010000 xr
*default*        0x0000000000000000 0xffffffffffffffff

Linker script and memory map

LOAD /opt/st/stm32cubeide_1.12.0/plugins/com.st.stm32cube.ide.mcu.externaltools.gnu-tools-for-stm32.10.3-2021.10.linux64_1.0.200.202301161003/tools/bin/../lib/gcc/arm-none-eabi/10.3.1/thumb/v7-m/nofp/crti.o
LOAD /opt/st/stm32cubeide_1.12.0/plugins/com.st.stm32cube.ide.mcu.externaltools.gnu-tools-for-stm32.10.3-2021.10.linux64_1.0.200.202301161003/tools/bin/../lib/gcc/arm-none-eabi/10.3.1/thumb/v7-m/nofp/crtbegin.o
LOAD /opt/st/stm32cubeide_1.12.0/plugins/com.st.stm32cube.ide.mcu.externaltools.gnu-tools-for-stm32.10.3-2021.10.linux64_1.0.200.202301161003/tools/bin/../lib/gcc/arm-none-eabi/10.3.1/../../../../arm-none-eabi/lib/thumb/v7-m/nofp/crt0.o
LOAD ./Core/Src/main.o
LOAD ./Core/Src/stm32f1xx_hal_msp.o
LOAD ./Core/Src/stm32f1xx_hal_timebase_tim.o
LOAD ./Core/Src/stm32f1xx_it.o
LOAD ./Core/Src/syscalls.o
LOAD ./Core/Src/sysmem.o
LOAD ./Core/Src/system_stm32f1xx.o
LOAD ./Core/Startup/startup_stm32f103c8tx.o
LOAD ./Drivers/STM32F1xx_HAL_Driver/Src/stm32f1xx_hal.o
LOAD ./Drivers/STM32F1xx_HAL_Driver/Src/stm32f1xx_hal_cortex.o
LOAD ./Drivers/STM32F1xx_HAL_Driver/Src/stm32f1xx_hal_dma.o
LOAD ./Drivers/STM32F1xx_HAL_Driver/Src/stm32f1xx_hal_exti.o
LOAD ./Drivers/STM32F1xx_HAL_Driver/Src/stm32f1xx_hal_flash.o
LOAD ./Drivers/STM32F1xx_HAL_Driver/Src/stm32f1xx_hal_flash_ex.o
LOAD ./Drivers/STM32F1xx_HAL_Driver/Src/stm32f1xx_hal_gpio.o
LOAD ./Drivers/STM32F1xx_HAL_Driver/Src/stm32f1xx_hal_gpio_ex.o
LOAD ./Drivers/STM32F1xx_HAL_Driver/Src/stm32f1xx_hal_pwr.o
LOAD ./Drivers/STM32F1xx_HAL_Driver/Src/stm32f1xx_hal_rcc.o
LOAD ./Drivers/STM32F1xx_HAL_Driver/Src/stm32f1xx_hal_rcc_ex.o
LOAD ./Drivers/STM32F1xx_HAL_Driver/Src/stm32f1xx_hal_tim.o
LOAD ./Drivers/STM32F1xx_HAL_Driver/Src/stm32f1xx_hal_tim_ex.o
LOAD ./source_rtos/FreeRTOS/event_groups.o
LOAD ./source_rtos/FreeRTOS/list.o
LOAD ./source_rtos/FreeRTOS/queue.o
LOAD ./source_rtos/FreeRTOS/stream_buffer.o
LOAD ./source_rtos/FreeRTOS/tasks.o
LOAD ./source_rtos/FreeRTOS/timers.o
LOAD ./source_rtos/FreeRTOS/portable/GCC/ARM_CM3/port.o
LOAD ./source_rtos/FreeRTOS/portable/MemMang/heap_4.o
START GROUP
LOAD /opt/st/stm32cubeide_1.12.0/plugins/com.st.stm32cube.ide.mcu.externaltools.gnu-tools-for-stm32.10.3-2021.10.linux64_1.0.200.202301161003/tools/bin/../lib/gcc/arm-none-eabi/10.3.1/../../../../arm-none-eabi/lib/thumb/v7-m/nofp/libc_nano.a
LOAD /opt/st/stm32cubeide_1.12.0/plugins/com.st.stm32cube.ide.mcu.externaltools.gnu-tools-for-stm32.10.3-2021.10.linux64_1.0.200.202301161003/tools/bin/../lib/gcc/arm-none-eabi/10.3.1/../../../../arm-none-eabi/lib/thumb/v7-m/nofp/libm.a
END GROUP
START GROUP
LOAD /opt/st/stm32cubeide_1.12.0/plugins/com.st.stm32cube.ide.mcu.externaltools.gnu-tools-for-stm32.10.3-2021.10.linux64_1.0.200.202301161003/tools/bin/../lib/gcc/arm-none-eabi/10.3.1/thumb/v7-m/nofp/libgcc.a
LOAD /opt/st/stm32cubeide_1.12.0/plugins/com.st.stm32cube.ide.mcu.externaltools.gnu-tools-for-stm32.10.3-2021.10.linux64_1.0.200.202301161003/tools/bin/../lib/gcc/arm-none-eabi/10.3.1/../../../../arm-none-eabi/lib/thumb/v7-m/nofp/libc_nano.a
END GROUP
START GROUP
LOAD /opt/st/stm32cubeide_1.12.0/plugins/com.st.stm32cube.ide.mcu.externaltools.gnu-tools-for-stm32.10.3-2021.10.linux64_1.0.200.202301161003/tools/bin/../lib/gcc/arm-none-eabi/10.3.1/thumb/v7-m/nofp/libgcc.a
LOAD /opt/st/stm32cubeide_1.12.0/plugins/com.st.stm32cube.ide.mcu.externaltools.gnu-tools-for-stm32.10.3-2021.10.linux64_1.0.200.202301161003/tools/bin/../lib/gcc/arm-none-eabi/10.3.1/../../../../arm-none-eabi/lib/thumb/v7-m/nofp/libc_nano.a
LOAD /opt/st/stm32cubeide_1.12.0/plugins/com.st.stm32cube.ide.mcu.externaltools.gnu-tools-for-stm32.10.3-2021.10.linux64_1.0.200.202301161003/tools/bin/../lib/gcc/arm-none-eabi/10.3.1/../../../../arm-none-eabi/lib/thumb/v7-m/nofp/libnosys.a
END GROUP
START GROUP
LOAD /opt/st/stm32cubeide_1.12.0/plugins/com.st.stm32cube.ide.mcu.externaltools.gnu-tools-for-stm32.10.3-2021.10.linux64_1.0.200.202301161003/tools/bin/../lib/gcc/arm-none-eabi/10.3.1/thumb/v7-m/nofp/libgcc.a
LOAD /opt/st/stm32cubeide_1.12.0/plugins/com.st.stm32cube.ide.mcu.externaltools.gnu-tools-for-stm32.10.3-2021.10.linux64_1.0.200.202301161003/tools/bin/../lib/gcc/arm-none-eabi/10.3.1/../../../../arm-none-eabi/lib/thumb/v7-m/nofp/libc_nano.a
LOAD /opt/st/stm32cubeide_1.12.0/plugins/com.st.stm32cube.ide.mcu.externaltools.gnu-tools-for-stm32.10.3-2021.10.linux64_1.0.200.202301161003/tools/bin/../lib/gcc/arm-none-eabi/10.3.1/../../../../arm-none-eabi/lib/thumb/v7-m/nofp/libnosys.a
END GROUP
LOAD /opt/st/stm32cubeide_1.12.0/plugins/com.st.stm32cube.ide.mcu.externaltools.gnu-tools-for-stm32.10.3-2021.10.linux64_1.0.200.202301161003/tools/bin/../lib/gcc/arm-none-eabi/10.3.1/thumb/v7-m/nofp/crtend.o
LOAD /opt/st/stm32cubeide_1.12.0/plugins/com.st.stm32cube.ide.mcu.externaltools.gnu-tools-for-stm32.10.3-2021.10.linux64_1.0.200.202301161003/tools/bin/../lib/gcc/arm-none-eabi/10.3.1/thumb/v7-m/nofp/crtn.o
                0x0000000020005000                _estack = (ORIGIN (RAM) + LENGTH (RAM))
                0x0000000000000200                _Min_Heap_Size = 0x200
                0x0000000000000400                _Min_Stack_Size = 0x400

.isr_vector     0x0000000008000000      0x10c
                0x0000000008000000                . = ALIGN (0x4)
 *(.isr_vector)
 .isr_vector    0x0000000008000000      0x10c ./Core/Startup/startup_stm32f103c8tx.o
                0x0000000008000000                g_pfnVectors
                0x000000000800010c                . = ALIGN (0x4)

.text           0x0000000008000110     0x2ce8
                0x0000000008000110                . = ALIGN (0x4)
 *(.text)
 .text          0x0000000008000110       0x40 /opt/st/stm32cubeide_1.12.0/plugins/com.st.stm32cube.ide.mcu.externaltools.gnu-tools-for-stm32.10.3-2021.10.linux64_1.0.200.202301161003/tools/bin/../lib/gcc/arm-none-eabi/10.3.1/thumb/v7-m/nofp/crtbegin.o
 *(.text*)
 .text.main     0x0000000008000150       0x84 ./Core/Src/main.o
                0x0000000008000150                main
 .text.SystemClock_Config
                0x00000000080001d4       0x8a ./Core/Src/main.o
                0x00000000080001d4                SystemClock_Config
 *fill*         0x000000000800025e        0x2 
 .text.MX_GPIO_Init
                0x0000000008000260       0xb0 ./Core/Src/main.o
 .text.tarefa1  0x0000000008000310       0x50 ./Core/Src/main.o
 .text.tarefa2  0x0000000008000360       0x58 ./Core/Src/main.o
 .text.tarefa3  0x00000000080003b8       0x50 ./Core/Src/main.o
 .text.HAL_TIM_PeriodElapsedCallback
                0x0000000008000408       0x24 ./Core/Src/main.o
                0x0000000008000408                HAL_TIM_PeriodElapsedCallback
 .text.Error_Handler
                0x000000000800042c        0xa ./Core/Src/main.o
                0x000000000800042c                Error_Handler
 *fill*         0x0000000008000436        0x2 
 .text.HAL_MspInit
                0x0000000008000438       0x64 ./Core/Src/stm32f1xx_hal_msp.o
                0x0000000008000438                HAL_MspInit
 .text.HAL_InitTick
                0x000000000800049c       0xe4 ./Core/Src/stm32f1xx_hal_timebase_tim.o
                0x000000000800049c                HAL_InitTick
 .text.NMI_Handler
                0x0000000008000580        0x6 ./Core/Src/stm32f1xx_it.o
                0x0000000008000580                NMI_Handler
 .text.HardFault_Handler
                0x0000000008000586        0x6 ./Core/Src/stm32f1xx_it.o
                0x0000000008000586                HardFault_Handler
 .text.MemManage_Handler
                0x000000000800058c        0x6 ./Core/Src/stm32f1xx_it.o
                0x000000000800058c                MemManage_Handler
 .text.BusFault_Handler
                0x0000000008000592        0x6 ./Core/Src/stm32f1xx_it.o
                0x0000000008000592                BusFault_Handler
 .text.UsageFault_Handler
                0x0000000008000598        0x6 ./Core/Src/stm32f1xx_it.o
                0x0000000008000598                UsageFault_Handler
 .text.DebugMon_Handler
                0x000000000800059e        0xc ./Core/Src/stm32f1xx_it.o
                0x000000000800059e                DebugMon_Handler
 *fill*         0x00000000080005aa        0x2 
 .text.TIM1_UP_IRQHandler
                0x00000000080005ac       0x14 ./Core/Src/stm32f1xx_it.o
                0x00000000080005ac                TIM1_UP_IRQHandler
 .text.SystemInit
                0x00000000080005c0        0xc ./Core/Src/system_stm32f1xx.o
                0x00000000080005c0                SystemInit
 .text.Reset_Handler
                0x00000000080005cc       0x48 ./Core/Startup/startup_stm32f103c8tx.o
                0x00000000080005cc                Reset_Handler
 .text.Default_Handler
                0x0000000008000614        0x2 ./Core/Startup/startup_stm32f103c8tx.o
                0x0000000008000614                RTC_Alarm_IRQHandler
                0x0000000008000614                EXTI2_IRQHandler
                0x0000000008000614                TIM1_CC_IRQHandler
                0x0000000008000614                PVD_IRQHandler
                0x0000000008000614                EXTI3_IRQHandler
                0x0000000008000614                EXTI0_IRQHandler
                0x0000000008000614                I2C2_EV_IRQHandler
                0x0000000008000614                ADC1_2_IRQHandler
                0x0000000008000614                SPI1_IRQHandler
                0x0000000008000614                TAMPER_IRQHandler
                0x0000000008000614                DMA1_Channel4_IRQHandler
                0x0000000008000614                USART3_IRQHandler
                0x0000000008000614                RTC_IRQHandler
                0x0000000008000614                DMA1_Channel7_IRQHandler
                0x0000000008000614                CAN1_RX1_IRQHandler
                0x0000000008000614                TIM4_IRQHandler
                0x0000000008000614                I2C1_EV_IRQHandler
                0x0000000008000614                DMA1_Channel6_IRQHandler
                0x0000000008000614                TIM3_IRQHandler
                0x0000000008000614                RCC_IRQHandler
                0x0000000008000614                TIM1_TRG_COM_IRQHandler
                0x0000000008000614                DMA1_Channel1_IRQHandler
                0x0000000008000614                Default_Handler
                0x0000000008000614                EXTI15_10_IRQHandler
                0x0000000008000614                EXTI9_5_IRQHandler
                0x0000000008000614                SPI2_IRQHandler
                0x0000000008000614                DMA1_Channel5_IRQHandler
                0x0000000008000614                EXTI4_IRQHandler
                0x0000000008000614                USB_LP_CAN1_RX0_IRQHandler
                0x0000000008000614                USB_HP_CAN1_TX_IRQHandler
                0x0000000008000614                DMA1_Channel3_IRQHandler
                0x0000000008000614                WWDG_IRQHandler
                0x0000000008000614                TIM2_IRQHandler
                0x0000000008000614                TIM1_BRK_IRQHandler
                0x0000000008000614                EXTI1_IRQHandler
                0x0000000008000614                USART2_IRQHandler
                0x0000000008000614                I2C2_ER_IRQHandler
                0x0000000008000614                DMA1_Channel2_IRQHandler
                0x0000000008000614                CAN1_SCE_IRQHandler
                0x0000000008000614                FLASH_IRQHandler
                0x0000000008000614                USART1_IRQHandler
                0x0000000008000614                I2C1_ER_IRQHandler
                0x0000000008000614                USBWakeUp_IRQHandler
 *fill*         0x0000000008000616        0x2 
 .text.HAL_Init
                0x0000000008000618       0x2c ./Drivers/STM32F1xx_HAL_Driver/Src/stm32f1xx_hal.o
                0x0000000008000618                HAL_Init
 .text.HAL_IncTick
                0x0000000008000644       0x24 ./Drivers/STM32F1xx_HAL_Driver/Src/stm32f1xx_hal.o
                0x0000000008000644                HAL_IncTick
 .text.HAL_GetTick
                0x0000000008000668       0x14 ./Drivers/STM32F1xx_HAL_Driver/Src/stm32f1xx_hal.o
                0x0000000008000668                HAL_GetTick
 .text.__NVIC_SetPriorityGrouping
                0x000000000800067c       0x48 ./Drivers/STM32F1xx_HAL_Driver/Src/stm32f1xx_hal_cortex.o
 .text.__NVIC_GetPriorityGrouping
                0x00000000080006c4       0x1c ./Drivers/STM32F1xx_HAL_Driver/Src/stm32f1xx_hal_cortex.o
 .text.__NVIC_EnableIRQ
                0x00000000080006e0       0x38 ./Drivers/STM32F1xx_HAL_Driver/Src/stm32f1xx_hal_cortex.o
 .text.__NVIC_SetPriority
                0x0000000008000718       0x54 ./Drivers/STM32F1xx_HAL_Driver/Src/stm32f1xx_hal_cortex.o
 .text.NVIC_EncodePriority
                0x000000000800076c       0x64 ./Drivers/STM32F1xx_HAL_Driver/Src/stm32f1xx_hal_cortex.o
 .text.HAL_NVIC_SetPriorityGrouping
                0x00000000080007d0       0x16 ./Drivers/STM32F1xx_HAL_Driver/Src/stm32f1xx_hal_cortex.o
                0x00000000080007d0                HAL_NVIC_SetPriorityGrouping
 .text.HAL_NVIC_SetPriority
                0x00000000080007e6       0x38 ./Drivers/STM32F1xx_HAL_Driver/Src/stm32f1xx_hal_cortex.o
                0x00000000080007e6                HAL_NVIC_SetPriority
 .text.HAL_NVIC_EnableIRQ
                0x000000000800081e       0x1c ./Drivers/STM32F1xx_HAL_Driver/Src/stm32f1xx_hal_cortex.o
                0x000000000800081e                HAL_NVIC_EnableIRQ
 *fill*         0x000000000800083a        0x2 
 .text.HAL_GPIO_Init
                0x000000000800083c      0x308 ./Drivers/STM32F1xx_HAL_Driver/Src/stm32f1xx_hal_gpio.o
                0x000000000800083c                HAL_GPIO_Init
 .text.HAL_GPIO_ReadPin
                0x0000000008000b44       0x2e ./Drivers/STM32F1xx_HAL_Driver/Src/stm32f1xx_hal_gpio.o
                0x0000000008000b44                HAL_GPIO_ReadPin
 .text.HAL_GPIO_WritePin
                0x0000000008000b72       0x30 ./Drivers/STM32F1xx_HAL_Driver/Src/stm32f1xx_hal_gpio.o
                0x0000000008000b72                HAL_GPIO_WritePin
 .text.HAL_GPIO_TogglePin
                0x0000000008000ba2       0x32 ./Drivers/STM32F1xx_HAL_Driver/Src/stm32f1xx_hal_gpio.o
                0x0000000008000ba2                HAL_GPIO_TogglePin
 .text.HAL_RCC_OscConfig
                0x0000000008000bd4      0x504 ./Drivers/STM32F1xx_HAL_Driver/Src/stm32f1xx_hal_rcc.o
                0x0000000008000bd4                HAL_RCC_OscConfig
 .text.HAL_RCC_ClockConfig
                0x00000000080010d8      0x1d4 ./Drivers/STM32F1xx_HAL_Driver/Src/stm32f1xx_hal_rcc.o
                0x00000000080010d8                HAL_RCC_ClockConfig
 .text.HAL_RCC_GetSysClockFreq
                0x00000000080012ac       0xbc ./Drivers/STM32F1xx_HAL_Driver/Src/stm32f1xx_hal_rcc.o
                0x00000000080012ac                HAL_RCC_GetSysClockFreq
 .text.HAL_RCC_GetHCLKFreq
                0x0000000008001368       0x14 ./Drivers/STM32F1xx_HAL_Driver/Src/stm32f1xx_hal_rcc.o
                0x0000000008001368                HAL_RCC_GetHCLKFreq
 .text.HAL_RCC_GetPCLK2Freq
                0x000000000800137c       0x28 ./Drivers/STM32F1xx_HAL_Driver/Src/stm32f1xx_hal_rcc.o
                0x000000000800137c                HAL_RCC_GetPCLK2Freq
 .text.HAL_RCC_GetClockConfig
                0x00000000080013a4       0x60 ./Drivers/STM32F1xx_HAL_Driver/Src/stm32f1xx_hal_rcc.o
                0x00000000080013a4                HAL_RCC_GetClockConfig
 .text.RCC_Delay
                0x0000000008001404       0x3c ./Drivers/STM32F1xx_HAL_Driver/Src/stm32f1xx_hal_rcc.o
 .text.HAL_TIM_Base_Init
                0x0000000008001440       0x9e ./Drivers/STM32F1xx_HAL_Driver/Src/stm32f1xx_hal_tim.o
                0x0000000008001440                HAL_TIM_Base_Init
 .text.HAL_TIM_Base_MspInit
                0x00000000080014de       0x12 ./Drivers/STM32F1xx_HAL_Driver/Src/stm32f1xx_hal_tim.o
                0x00000000080014de                HAL_TIM_Base_MspInit
 .text.HAL_TIM_Base_Start_IT
                0x00000000080014f0       0xa4 ./Drivers/STM32F1xx_HAL_Driver/Src/stm32f1xx_hal_tim.o
                0x00000000080014f0                HAL_TIM_Base_Start_IT
 .text.HAL_TIM_IRQHandler
                0x0000000008001594      0x210 ./Drivers/STM32F1xx_HAL_Driver/Src/stm32f1xx_hal_tim.o
                0x0000000008001594                HAL_TIM_IRQHandler
 .text.HAL_TIM_OC_DelayElapsedCallback
                0x00000000080017a4       0x12 ./Drivers/STM32F1xx_HAL_Driver/Src/stm32f1xx_hal_tim.o
                0x00000000080017a4                HAL_TIM_OC_DelayElapsedCallback
 .text.HAL_TIM_IC_CaptureCallback
                0x00000000080017b6       0x12 ./Drivers/STM32F1xx_HAL_Driver/Src/stm32f1xx_hal_tim.o
                0x00000000080017b6                HAL_TIM_IC_CaptureCallback
 .text.HAL_TIM_PWM_PulseFinishedCallback
                0x00000000080017c8       0x12 ./Drivers/STM32F1xx_HAL_Driver/Src/stm32f1xx_hal_tim.o
                0x00000000080017c8                HAL_TIM_PWM_PulseFinishedCallback
 .text.HAL_TIM_TriggerCallback
                0x00000000080017da       0x12 ./Drivers/STM32F1xx_HAL_Driver/Src/stm32f1xx_hal_tim.o
                0x00000000080017da                HAL_TIM_TriggerCallback
 .text.TIM_Base_SetConfig
                0x00000000080017ec       0xc4 ./Drivers/STM32F1xx_HAL_Driver/Src/stm32f1xx_hal_tim.o
                0x00000000080017ec                TIM_Base_SetConfig
 .text.HAL_TIMEx_CommutCallback
                0x00000000080018b0       0x12 ./Drivers/STM32F1xx_HAL_Driver/Src/stm32f1xx_hal_tim_ex.o
                0x00000000080018b0                HAL_TIMEx_CommutCallback
 .text.HAL_TIMEx_BreakCallback
                0x00000000080018c2       0x12 ./Drivers/STM32F1xx_HAL_Driver/Src/stm32f1xx_hal_tim_ex.o
                0x00000000080018c2                HAL_TIMEx_BreakCallback
 .text.vListInitialise
                0x00000000080018d4       0x3e ./source_rtos/FreeRTOS/list.o
                0x00000000080018d4                vListInitialise
 .text.vListInitialiseItem
                0x0000000008001912       0x18 ./source_rtos/FreeRTOS/list.o
                0x0000000008001912                vListInitialiseItem
 .text.vListInsertEnd
                0x000000000800192a       0x46 ./source_rtos/FreeRTOS/list.o
                0x000000000800192a                vListInsertEnd
 .text.vListInsert
                0x0000000008001970       0x70 ./source_rtos/FreeRTOS/list.o
                0x0000000008001970                vListInsert
 .text.uxListRemove
                0x00000000080019e0       0x52 ./source_rtos/FreeRTOS/list.o
                0x00000000080019e0                uxListRemove
 .text.xTaskCreate
                0x0000000008001a32       0x8c ./source_rtos/FreeRTOS/tasks.o
                0x0000000008001a32                xTaskCreate
 .text.prvInitialiseNewTask
                0x0000000008001abe       0xca ./source_rtos/FreeRTOS/tasks.o
 .text.prvAddNewTaskToReadyList
                0x0000000008001b88      0x124 ./source_rtos/FreeRTOS/tasks.o
 .text.vTaskDelete
                0x0000000008001cac      0x108 ./source_rtos/FreeRTOS/tasks.o
                0x0000000008001cac                vTaskDelete
 .text.vTaskDelay
                0x0000000008001db4       0x48 ./source_rtos/FreeRTOS/tasks.o
                0x0000000008001db4                vTaskDelay
 .text.vTaskStartScheduler
                0x0000000008001dfc       0x78 ./source_rtos/FreeRTOS/tasks.o
                0x0000000008001dfc                vTaskStartScheduler
 .text.vTaskSuspendAll
                0x0000000008001e74       0x1c ./source_rtos/FreeRTOS/tasks.o
                0x0000000008001e74                vTaskSuspendAll
 .text.xTaskResumeAll
                0x0000000008001e90      0x1d8 ./source_rtos/FreeRTOS/tasks.o
                0x0000000008001e90                xTaskResumeAll
 .text.xTaskIncrementTick
                0x0000000008002068      0x20c ./source_rtos/FreeRTOS/tasks.o
                0x0000000008002068                xTaskIncrementTick
 .text.vTaskSwitchContext
                0x0000000008002274       0x88 ./source_rtos/FreeRTOS/tasks.o
                0x0000000008002274                vTaskSwitchContext
 .text.prvIdleTask
                0x00000000080022fc       0x30 ./source_rtos/FreeRTOS/tasks.o
 .text.prvInitialiseTaskLists
                0x000000000800232c       0x80 ./source_rtos/FreeRTOS/tasks.o
 .text.prvCheckTasksWaitingTermination
                0x00000000080023ac       0x5c ./source_rtos/FreeRTOS/tasks.o
 .text.prvDeleteTCB
                0x0000000008002408       0x20 ./source_rtos/FreeRTOS/tasks.o
 .text.prvResetNextTaskUnblockTime
                0x0000000008002428       0x34 ./source_rtos/FreeRTOS/tasks.o
 .text.xTaskGenericNotifyWait
                0x000000000800245c       0xec ./source_rtos/FreeRTOS/tasks.o
                0x000000000800245c                xTaskGenericNotifyWait
 .text.xTaskGenericNotify
                0x0000000008002548      0x1d0 ./source_rtos/FreeRTOS/tasks.o
                0x0000000008002548                xTaskGenericNotify
 .text.prvAddCurrentTaskToDelayedList
                0x0000000008002718      0x100 ./source_rtos/FreeRTOS/tasks.o
 .text.pxPortInitialiseStack
                0x0000000008002818       0x58 ./source_rtos/FreeRTOS/portable/GCC/ARM_CM3/port.o
                0x0000000008002818                pxPortInitialiseStack
 .text.prvTaskExitError
                0x0000000008002870       0x32 ./source_rtos/FreeRTOS/portable/GCC/ARM_CM3/port.o
 *fill*         0x00000000080028a2        0xe 
 .text.SVC_Handler
                0x00000000080028b0       0x28 ./source_rtos/FreeRTOS/portable/GCC/ARM_CM3/port.o
                0x00000000080028b0                SVC_Handler
 .text.prvPortStartFirstTask
                0x00000000080028d8       0x24 ./source_rtos/FreeRTOS/portable/GCC/ARM_CM3/port.o
 .text.xPortStartScheduler
                0x00000000080028fc       0x40 ./source_rtos/FreeRTOS/portable/GCC/ARM_CM3/port.o
                0x00000000080028fc                xPortStartScheduler
 .text.vPortEnterCritical
                0x000000000800293c       0x34 ./source_rtos/FreeRTOS/portable/GCC/ARM_CM3/port.o
                0x000000000800293c                vPortEnterCritical
 .text.vPortExitCritical
                0x0000000008002970       0x34 ./source_rtos/FreeRTOS/portable/GCC/ARM_CM3/port.o
                0x0000000008002970                vPortExitCritical
 *fill*         0x00000000080029a4        0xc 
 .text.PendSV_Handler
                0x00000000080029b0       0x48 ./source_rtos/FreeRTOS/portable/GCC/ARM_CM3/port.o
                0x00000000080029b0                PendSV_Handler
 .text.SysTick_Handler
                0x00000000080029f8       0x44 ./source_rtos/FreeRTOS/portable/GCC/ARM_CM3/port.o
                0x00000000080029f8                SysTick_Handler
 .text.vPortSetupTimerInterrupt
                0x0000000008002a3c       0x34 ./source_rtos/FreeRTOS/portable/GCC/ARM_CM3/port.o
                0x0000000008002a3c                vPortSetupTimerInterrupt
 .text.pvPortMalloc
                0x0000000008002a70      0x134 ./source_rtos/FreeRTOS/portable/MemMang/heap_4.o
                0x0000000008002a70                pvPortMalloc
 .text.vPortFree
                0x0000000008002ba4       0x7c ./source_rtos/FreeRTOS/portable/MemMang/heap_4.o
                0x0000000008002ba4                vPortFree
 .text.prvHeapInit
                0x0000000008002c20       0xb8 ./source_rtos/FreeRTOS/portable/MemMang/heap_4.o
 .text.prvInsertBlockIntoFreeList
                0x0000000008002cd8       0xb0 ./source_rtos/FreeRTOS/portable/MemMang/heap_4.o
 .text.__libc_init_array
                0x0000000008002d88       0x48 /opt/st/stm32cubeide_1.12.0/plugins/com.st.stm32cube.ide.mcu.externaltools.gnu-tools-for-stm32.10.3-2021.10.linux64_1.0.200.202301161003/tools/bin/../lib/gcc/arm-none-eabi/10.3.1/../../../../arm-none-eabi/lib/thumb/v7-m/nofp/libc_nano.a(lib_a-init.o)
                0x0000000008002d88                __libc_init_array
 .text.memset   0x0000000008002dd0       0x10 /opt/st/stm32cubeide_1.12.0/plugins/com.st.stm32cube.ide.mcu.externaltools.gnu-tools-for-stm32.10.3-2021.10.linux64_1.0.200.202301161003/tools/bin/../lib/gcc/arm-none-eabi/10.3.1/../../../../arm-none-eabi/lib/thumb/v7-m/nofp/libc_nano.a(lib_a-memset.o)
                0x0000000008002dd0                memset
 *(.glue_7)
 .glue_7        0x0000000008002de0        0x0 linker stubs
 *(.glue_7t)
 .glue_7t       0x0000000008002de0        0x0 linker stubs
 *(.eh_frame)
 .eh_frame      0x0000000008002de0        0x0 /opt/st/stm32cubeide_1.12.0/plugins/com.st.stm32cube.ide.mcu.externaltools.gnu-tools-for-stm32.10.3-2021.10.linux64_1.0.200.202301161003/tools/bin/../lib/gcc/arm-none-eabi/10.3.1/thumb/v7-m/nofp/crtbegin.o
 *(.init)
 .init          0x0000000008002de0        0x4 /opt/st/stm32cubeide_1.12.0/plugins/com.st.stm32cube.ide.mcu.externaltools.gnu-tools-for-stm32.10.3-2021.10.linux64_1.0.200.202301161003/tools/bin/../lib/gcc/arm-none-eabi/10.3.1/thumb/v7-m/nofp/crti.o
                0x0000000008002de0                _init
 .init          0x0000000008002de4        0x8 /opt/st/stm32cubeide_1.12.0/plugins/com.st.stm32cube.ide.mcu.externaltools.gnu-tools-for-stm32.10.3-2021.10.linux64_1.0.200.202301161003/tools/bin/../lib/gcc/arm-none-eabi/10.3.1/thumb/v7-m/nofp/crtn.o
 *(.fini)
 .fini          0x0000000008002dec        0x4 /opt/st/stm32cubeide_1.12.0/plugins/com.st.stm32cube.ide.mcu.externaltools.gnu-tools-for-stm32.10.3-2021.10.linux64_1.0.200.202301161003/tools/bin/../lib/gcc/arm-none-eabi/10.3.1/thumb/v7-m/nofp/crti.o
                0x0000000008002dec                _fini
 .fini          0x0000000008002df0        0x8 /opt/st/stm32cubeide_1.12.0/plugins/com.st.stm32cube.ide.mcu.externaltools.gnu-tools-for-stm32.10.3-2021.10.linux64_1.0.200.202301161003/tools/bin/../lib/gcc/arm-none-eabi/10.3.1/thumb/v7-m/nofp/crtn.o
                0x0000000008002df8                . = ALIGN (0x4)
                0x0000000008002df8                _etext = .

.vfp11_veneer   0x0000000008002df8        0x0
 .vfp11_veneer  0x0000000008002df8        0x0 linker stubs

.v4_bx          0x0000000008002df8        0x0
 .v4_bx         0x0000000008002df8        0x0 linker stubs

.iplt           0x0000000008002df8        0x0
 .iplt          0x0000000008002df8        0x0 /opt/st/stm32cubeide_1.12.0/plugins/com.st.stm32cube.ide.mcu.externaltools.gnu-tools-for-stm32.10.3-2021.10.linux64_1.0.200.202301161003/tools/bin/../lib/gcc/arm-none-eabi/10.3.1/thumb/v7-m/nofp/crtbegin.o

.rodata         0x0000000008002df8       0x54
                0x0000000008002df8                . = ALIGN (0x4)
 *(.rodata)
 .rodata        0x0000000008002df8       0x22 ./Core/Src/main.o
 *fill*         0x0000000008002e1a        0x2 
 .rodata        0x0000000008002e1c       0x10 ./Drivers/STM32F1xx_HAL_Driver/Src/stm32f1xx_hal_rcc.o
 .rodata        0x0000000008002e2c        0x5 ./source_rtos/FreeRTOS/tasks.o
 *(.rodata*)
 *fill*         0x0000000008002e31        0x3 
 .rodata.AHBPrescTable
                0x0000000008002e34       0x10 ./Core/Src/system_stm32f1xx.o
                0x0000000008002e34                AHBPrescTable
 .rodata.APBPrescTable
                0x0000000008002e44        0x8 ./Core/Src/system_stm32f1xx.o
                0x0000000008002e44                APBPrescTable
                0x0000000008002e4c                . = ALIGN (0x4)

.rel.dyn        0x0000000008002e4c        0x0
 .rel.iplt      0x0000000008002e4c        0x0 /opt/st/stm32cubeide_1.12.0/plugins/com.st.stm32cube.ide.mcu.externaltools.gnu-tools-for-stm32.10.3-2021.10.linux64_1.0.200.202301161003/tools/bin/../lib/gcc/arm-none-eabi/10.3.1/thumb/v7-m/nofp/crtbegin.o

.ARM.extab      0x0000000008002e4c        0x0
                0x0000000008002e4c                . = ALIGN (0x4)
 *(.ARM.extab* .gnu.linkonce.armextab.*)
                0x0000000008002e4c                . = ALIGN (0x4)

.ARM            0x0000000008002e4c        0x0
                0x0000000008002e4c                . = ALIGN (0x4)
                0x0000000008002e4c                __exidx_start = .
 *(.ARM.exidx*)
                0x0000000008002e4c                __exidx_end = .
                0x0000000008002e4c                . = ALIGN (0x4)

.preinit_array  0x0000000008002e4c        0x0
                0x0000000008002e4c                . = ALIGN (0x4)
                0x0000000008002e4c                PROVIDE (__preinit_array_start = .)
 *(.preinit_array*)
                0x0000000008002e4c                PROVIDE (__preinit_array_end = .)
                0x0000000008002e4c                . = ALIGN (0x4)

.init_array     0x0000000008002e4c        0x4
                0x0000000008002e4c                . = ALIGN (0x4)
                0x0000000008002e4c                PROVIDE (__init_array_start = .)
 *(SORT_BY_NAME(.init_array.*))
 *(.init_array*)
 .init_array    0x0000000008002e4c        0x4 /opt/st/stm32cubeide_1.12.0/plugins/com.st.stm32cube.ide.mcu.externaltools.gnu-tools-for-stm32.10.3-2021.10.linux64_1.0.200.202301161003/tools/bin/../lib/gcc/arm-none-eabi/10.3.1/thumb/v7-m/nofp/crtbegin.o
                0x0000000008002e50                PROVIDE (__init_array_end = .)
                0x0000000008002e50                . = ALIGN (0x4)

.fini_array     0x0000000008002e50        0x4
                0x0000000008002e50                . = ALIGN (0x4)
                [!provide]                        PROVIDE (__fini_array_start = .)
 *(SORT_BY_NAME(.fini_array.*))
 *(.fini_array*)
 .fini_array    0x0000000008002e50        0x4 /opt/st/stm32cubeide_1.12.0/plugins/com.st.stm32cube.ide.mcu.externaltools.gnu-tools-for-stm32.10.3-2021.10.linux64_1.0.200.202301161003/tools/bin/../lib/gcc/arm-none-eabi/10.3.1/thumb/v7-m/nofp/crtbegin.o
                [!provide]                        PROVIDE (__fini_array_end = .)
                0x0000000008002e54                . = ALIGN (0x4)
                0x0000000008002e54                _sidata = LOADADDR (.data)

.data           0x0000000020000000       0x14 load address 0x0000000008002e54
                0x0000000020000000                . = ALIGN (0x4)
                0x0000000020000000                _sdata = .
 *(.data)
 *(.data*)
 .data.SystemCoreClock
                0x0000000020000000        0x4 ./Core/Src/system_stm32f1xx.o
                0x0000000020000000                SystemCoreClock
 .data.uwTickPrio
                0x0000000020000004        0x4 ./Drivers/STM32F1xx_HAL_Driver/Src/stm32f1xx_hal.o
                0x0000000020000004                uwTickPrio
 .data.uwTickFreq
                0x0000000020000008        0x1 ./Drivers/STM32F1xx_HAL_Driver/Src/stm32f1xx_hal.o
                0x0000000020000008                uwTickFreq
 *fill*         0x0000000020000009        0x3 
 .data.uxTopUsedPriority
                0x000000002000000c        0x4 ./source_rtos/FreeRTOS/tasks.o
                0x000000002000000c                uxTopUsedPriority
 .data.uxCriticalNesting
                0x0000000020000010        0x4 ./source_rtos/FreeRTOS/portable/GCC/ARM_CM3/port.o
 *(.RamFunc)
 *(.RamFunc*)
                0x0000000020000014                . = ALIGN (0x4)
                0x0000000020000014                _edata = .

.igot.plt       0x0000000020000014        0x0 load address 0x0000000008002e68
 .igot.plt      0x0000000020000014        0x0 /opt/st/stm32cubeide_1.12.0/plugins/com.st.stm32cube.ide.mcu.externaltools.gnu-tools-for-stm32.10.3-2021.10.linux64_1.0.200.202301161003/tools/bin/../lib/gcc/arm-none-eabi/10.3.1/thumb/v7-m/nofp/crtbegin.o
                0x0000000020000014                . = ALIGN (0x4)

.bss            0x0000000020000014     0x2998 load address 0x0000000008002e68
                0x0000000020000014                _sbss = .
                0x0000000020000014                __bss_start__ = _sbss
 *(.bss)
 .bss           0x0000000020000014       0x1c /opt/st/stm32cubeide_1.12.0/plugins/com.st.stm32cube.ide.mcu.externaltools.gnu-tools-for-stm32.10.3-2021.10.linux64_1.0.200.202301161003/tools/bin/../lib/gcc/arm-none-eabi/10.3.1/thumb/v7-m/nofp/crtbegin.o
 *(.bss*)
 .bss.led_t1    0x0000000020000030        0x4 ./Core/Src/main.o
                0x0000000020000030                led_t1
 .bss.led_t2    0x0000000020000034        0x4 ./Core/Src/main.o
                0x0000000020000034                led_t2
 .bss.bnt_t3    0x0000000020000038        0x4 ./Core/Src/main.o
                0x0000000020000038                bnt_t3
 .bss.next_t    0x000000002000003c        0x4 ./Core/Src/main.o
                0x000000002000003c                next_t
 .bss.htim1     0x0000000020000040       0x48 ./Core/Src/stm32f1xx_hal_timebase_tim.o
                0x0000000020000040                htim1
 .bss.uwTick    0x0000000020000088        0x4 ./Drivers/STM32F1xx_HAL_Driver/Src/stm32f1xx_hal.o
                0x0000000020000088                uwTick
 .bss.pxCurrentTCB
                0x000000002000008c        0x4 ./source_rtos/FreeRTOS/tasks.o
                0x000000002000008c                pxCurrentTCB
 .bss.pxReadyTasksLists
                0x0000000020000090       0x64 ./source_rtos/FreeRTOS/tasks.o
 .bss.xDelayedTaskList1
                0x00000000200000f4       0x14 ./source_rtos/FreeRTOS/tasks.o
 .bss.xDelayedTaskList2
                0x0000000020000108       0x14 ./source_rtos/FreeRTOS/tasks.o
 .bss.pxDelayedTaskList
                0x000000002000011c        0x4 ./source_rtos/FreeRTOS/tasks.o
 .bss.pxOverflowDelayedTaskList
                0x0000000020000120        0x4 ./source_rtos/FreeRTOS/tasks.o
 .bss.xPendingReadyList
                0x0000000020000124       0x14 ./source_rtos/FreeRTOS/tasks.o
 .bss.xTasksWaitingTermination
                0x0000000020000138       0x14 ./source_rtos/FreeRTOS/tasks.o
 .bss.uxDeletedTasksWaitingCleanUp
                0x000000002000014c        0x4 ./source_rtos/FreeRTOS/tasks.o
 .bss.xSuspendedTaskList
                0x0000000020000150       0x14 ./source_rtos/FreeRTOS/tasks.o
 .bss.uxCurrentNumberOfTasks
                0x0000000020000164        0x4 ./source_rtos/FreeRTOS/tasks.o
 .bss.xTickCount
                0x0000000020000168        0x4 ./source_rtos/FreeRTOS/tasks.o
 .bss.uxTopReadyPriority
                0x000000002000016c        0x4 ./source_rtos/FreeRTOS/tasks.o
 .bss.xSchedulerRunning
                0x0000000020000170        0x4 ./source_rtos/FreeRTOS/tasks.o
 .bss.xPendedTicks
                0x0000000020000174        0x4 ./source_rtos/FreeRTOS/tasks.o
 .bss.xYieldPending
                0x0000000020000178        0x4 ./source_rtos/FreeRTOS/tasks.o
 .bss.xNumOfOverflows
                0x000000002000017c        0x4 ./source_rtos/FreeRTOS/tasks.o
 .bss.uxTaskNumber
                0x0000000020000180        0x4 ./source_rtos/FreeRTOS/tasks.o
 .bss.xNextTaskUnblockTime
                0x0000000020000184        0x4 ./source_rtos/FreeRTOS/tasks.o
 .bss.xIdleTaskHandle
                0x0000000020000188        0x4 ./source_rtos/FreeRTOS/tasks.o
 .bss.uxSchedulerSuspended
                0x000000002000018c        0x4 ./source_rtos/FreeRTOS/tasks.o
 .bss.ucHeap    0x0000000020000190     0x2800 ./source_rtos/FreeRTOS/portable/MemMang/heap_4.o
 .bss.xStart    0x0000000020002990        0x8 ./source_rtos/FreeRTOS/portable/MemMang/heap_4.o
 .bss.pxEnd     0x0000000020002998        0x4 ./source_rtos/FreeRTOS/portable/MemMang/heap_4.o
 .bss.xFreeBytesRemaining
                0x000000002000299c        0x4 ./source_rtos/FreeRTOS/portable/MemMang/heap_4.o
 .bss.xMinimumEverFreeBytesRemaining
                0x00000000200029a0        0x4 ./source_rtos/FreeRTOS/portable/MemMang/heap_4.o
 .bss.xNumberOfSuccessfulAllocations
                0x00000000200029a4        0x4 ./source_rtos/FreeRTOS/portable/MemMang/heap_4.o
 .bss.xNumberOfSuccessfulFrees
                0x00000000200029a8        0x4 ./source_rtos/FreeRTOS/portable/MemMang/heap_4.o
 *(COMMON)
                0x00000000200029ac                . = ALIGN (0x4)
                0x00000000200029ac                _ebss = .
                0x00000000200029ac                __bss_end__ = _ebss

._user_heap_stack
                0x00000000200029ac      0x604 load address 0x0000000008002e68
                0x00000000200029b0                . = ALIGN (0x8)
 *fill*         0x00000000200029ac        0x4 
                [!provide]                        PROVIDE (end = .)
                0x00000000200029b0                PROVIDE (_end = .)
                0x0000000020002bb0                . = (. + _Min_Heap_Size)
 *fill*         0x00000000200029b0      0x200 
                0x0000000020002fb0                . = (. + _Min_Stack_Size)
 *fill*         0x0000000020002bb0      0x400 
                0x0000000020002fb0                . = ALIGN (0x8)

/DISCARD/
 libc.a(*)
 libm.a(*)
 libgcc.a(*)

.ARM.attributes
                0x0000000000000000       0x29
 *(.ARM.attributes)
 .ARM.attributes
                0x0000000000000000       0x1d /opt/st/stm32cubeide_1.12.0/plugins/com.st.stm32cube.ide.mcu.externaltools.gnu-tools-for-stm32.10.3-2021.10.linux64_1.0.200.202301161003/tools/bin/../lib/gcc/arm-none-eabi/10.3.1/thumb/v7-m/nofp/crti.o
 .ARM.attributes
                0x000000000000001d       0x2d /opt/st/stm32cubeide_1.12.0/plugins/com.st.stm32cube.ide.mcu.externaltools.gnu-tools-for-stm32.10.3-2021.10.linux64_1.0.200.202301161003/tools/bin/../lib/gcc/arm-none-eabi/10.3.1/thumb/v7-m/nofp/crtbegin.o
 .ARM.attributes
                0x000000000000004a       0x2d ./Core/Src/main.o
 .ARM.attributes
                0x0000000000000077       0x2d ./Core/Src/stm32f1xx_hal_msp.o
 .ARM.attributes
                0x00000000000000a4       0x2d ./Core/Src/stm32f1xx_hal_timebase_tim.o
 .ARM.attributes
                0x00000000000000d1       0x2d ./Core/Src/stm32f1xx_it.o
 .ARM.attributes
                0x00000000000000fe       0x2d ./Core/Src/system_stm32f1xx.o
 .ARM.attributes
                0x000000000000012b       0x21 ./Core/Startup/startup_stm32f103c8tx.o
 .ARM.attributes
                0x000000000000014c       0x2d ./Drivers/STM32F1xx_HAL_Driver/Src/stm32f1xx_hal.o
 .ARM.attributes
                0x0000000000000179       0x2d ./Drivers/STM32F1xx_HAL_Driver/Src/stm32f1xx_hal_cortex.o
 .ARM.attributes
                0x00000000000001a6       0x2d ./Drivers/STM32F1xx_HAL_Driver/Src/stm32f1xx_hal_gpio.o
 .ARM.attributes
                0x00000000000001d3       0x2d ./Drivers/STM32F1xx_HAL_Driver/Src/stm32f1xx_hal_rcc.o
 .ARM.attributes
                0x0000000000000200       0x2d ./Drivers/STM32F1xx_HAL_Driver/Src/stm32f1xx_hal_tim.o
 .ARM.attributes
                0x000000000000022d       0x2d ./Drivers/STM32F1xx_HAL_Driver/Src/stm32f1xx_hal_tim_ex.o
 .ARM.attributes
                0x000000000000025a       0x2d ./source_rtos/FreeRTOS/list.o
 .ARM.attributes
                0x0000000000000287       0x2d ./source_rtos/FreeRTOS/tasks.o
 .ARM.attributes
                0x00000000000002b4       0x2d ./source_rtos/FreeRTOS/portable/GCC/ARM_CM3/port.o
 .ARM.attributes
                0x00000000000002e1       0x2d ./source_rtos/FreeRTOS/portable/MemMang/heap_4.o
 .ARM.attributes
                0x000000000000030e       0x2d /opt/st/stm32cubeide_1.12.0/plugins/com.st.stm32cube.ide.mcu.externaltools.gnu-tools-for-stm32.10.3-2021.10.linux64_1.0.200.202301161003/tools/bin/../lib/gcc/arm-none-eabi/10.3.1/../../../../arm-none-eabi/lib/thumb/v7-m/nofp/libc_nano.a(lib_a-init.o)
 .ARM.attributes
                0x000000000000033b       0x2d /opt/st/stm32cubeide_1.12.0/plugins/com.st.stm32cube.ide.mcu.externaltools.gnu-tools-for-stm32.10.3-2021.10.linux64_1.0.200.202301161003/tools/bin/../lib/gcc/arm-none-eabi/10.3.1/../../../../arm-none-eabi/lib/thumb/v7-m/nofp/libc_nano.a(lib_a-memset.o)
 .ARM.attributes
                0x0000000000000368       0x1d /opt/st/stm32cubeide_1.12.0/plugins/com.st.stm32cube.ide.mcu.externaltools.gnu-tools-for-stm32.10.3-2021.10.linux64_1.0.200.202301161003/tools/bin/../lib/gcc/arm-none-eabi/10.3.1/thumb/v7-m/nofp/crtn.o
OUTPUT(05-api_notificacao.elf elf32-littlearm)
LOAD linker stubs
LOAD /opt/st/stm32cubeide_1.12.0/plugins/com.st.stm32cube.ide.mcu.externaltools.gnu-tools-for-stm32.10.3-2021.10.linux64_1.0.200.202301161003/tools/bin/../lib/gcc/arm-none-eabi/10.3.1/../../../../arm-none-eabi/lib/thumb/v7-m/nofp/libc.a
LOAD /opt/st/stm32cubeide_1.12.0/plugins/com.st.stm32cube.ide.mcu.externaltools.gnu-tools-for-stm32.10.3-2021.10.linux64_1.0.200.202301161003/tools/bin/../lib/gcc/arm-none-eabi/10.3.1/../../../../arm-none-eabi/lib/thumb/v7-m/nofp/libm.a
LOAD /opt/st/stm32cubeide_1.12.0/plugins/com.st.stm32cube.ide.mcu.externaltools.gnu-tools-for-stm32.10.3-2021.10.linux64_1.0.200.202301161003/tools/bin/../lib/gcc/arm-none-eabi/10.3.1/thumb/v7-m/nofp/libgcc.a

.debug_info     0x0000000000000000     0xa703
 .debug_info    0x0000000000000000      0xd86 ./Core/Src/main.o
 .debug_info    0x0000000000000d86      0x210 ./Core/Src/stm32f1xx_hal_msp.o
 .debug_info    0x0000000000000f96      0x9e9 ./Core/Src/stm32f1xx_hal_timebase_tim.o
 .debug_info    0x000000000000197f      0x6ab ./Core/Src/stm32f1xx_it.o
 .debug_info    0x000000000000202a      0x23d ./Core/Src/system_stm32f1xx.o
 .debug_info    0x0000000000002267       0x22 ./Core/Startup/startup_stm32f103c8tx.o
 .debug_info    0x0000000000002289      0x734 ./Drivers/STM32F1xx_HAL_Driver/Src/stm32f1xx_hal.o
 .debug_info    0x00000000000029bd      0xb20 ./Drivers/STM32F1xx_HAL_Driver/Src/stm32f1xx_hal_cortex.o
 .debug_info    0x00000000000034dd      0x615 ./Drivers/STM32F1xx_HAL_Driver/Src/stm32f1xx_hal_gpio.o
 .debug_info    0x0000000000003af2      0x860 ./Drivers/STM32F1xx_HAL_Driver/Src/stm32f1xx_hal_rcc.o
 .debug_info    0x0000000000004352     0x29de ./Drivers/STM32F1xx_HAL_Driver/Src/stm32f1xx_hal_tim.o
 .debug_info    0x0000000000006d30     0x1513 ./Drivers/STM32F1xx_HAL_Driver/Src/stm32f1xx_hal_tim_ex.o
 .debug_info    0x0000000000008243      0x2d1 ./source_rtos/FreeRTOS/list.o
 .debug_info    0x0000000000008514     0x1a2b ./source_rtos/FreeRTOS/tasks.o
 .debug_info    0x0000000000009f3f      0x2f7 ./source_rtos/FreeRTOS/portable/GCC/ARM_CM3/port.o
 .debug_info    0x000000000000a236      0x4cd ./source_rtos/FreeRTOS/portable/MemMang/heap_4.o

.debug_abbrev   0x0000000000000000     0x1e96
 .debug_abbrev  0x0000000000000000      0x2bc ./Core/Src/main.o
 .debug_abbrev  0x00000000000002bc       0xd4 ./Core/Src/stm32f1xx_hal_msp.o
 .debug_abbrev  0x0000000000000390      0x1e6 ./Core/Src/stm32f1xx_hal_timebase_tim.o
 .debug_abbrev  0x0000000000000576      0x171 ./Core/Src/stm32f1xx_it.o
 .debug_abbrev  0x00000000000006e7      0x13b ./Core/Src/system_stm32f1xx.o
 .debug_abbrev  0x0000000000000822       0x12 ./Core/Startup/startup_stm32f103c8tx.o
 .debug_abbrev  0x0000000000000834      0x1fb ./Drivers/STM32F1xx_HAL_Driver/Src/stm32f1xx_hal.o
 .debug_abbrev  0x0000000000000a2f      0x2ed ./Drivers/STM32F1xx_HAL_Driver/Src/stm32f1xx_hal_cortex.o
 .debug_abbrev  0x0000000000000d1c      0x1bb ./Drivers/STM32F1xx_HAL_Driver/Src/stm32f1xx_hal_gpio.o
 .debug_abbrev  0x0000000000000ed7      0x2a8 ./Drivers/STM32F1xx_HAL_Driver/Src/stm32f1xx_hal_rcc.o
 .debug_abbrev  0x000000000000117f      0x25d ./Drivers/STM32F1xx_HAL_Driver/Src/stm32f1xx_hal_tim.o
 .debug_abbrev  0x00000000000013dc      0x265 ./Drivers/STM32F1xx_HAL_Driver/Src/stm32f1xx_hal_tim_ex.o
 .debug_abbrev  0x0000000000001641       0xf2 ./source_rtos/FreeRTOS/list.o
 .debug_abbrev  0x0000000000001733      0x369 ./source_rtos/FreeRTOS/tasks.o
 .debug_abbrev  0x0000000000001a9c      0x20e ./source_rtos/FreeRTOS/portable/GCC/ARM_CM3/port.o
 .debug_abbrev  0x0000000000001caa      0x1ec ./source_rtos/FreeRTOS/portable/MemMang/heap_4.o

.debug_aranges  0x0000000000000000      0xbe8
 .debug_aranges
                0x0000000000000000       0x58 ./Core/Src/main.o
 .debug_aranges
                0x0000000000000058       0x20 ./Core/Src/stm32f1xx_hal_msp.o
 .debug_aranges
                0x0000000000000078       0x30 ./Core/Src/stm32f1xx_hal_timebase_tim.o
 .debug_aranges
                0x00000000000000a8       0x50 ./Core/Src/stm32f1xx_it.o
 .debug_aranges
                0x00000000000000f8       0x28 ./Core/Src/system_stm32f1xx.o
 .debug_aranges
                0x0000000000000120       0x28 ./Core/Startup/startup_stm32f103c8tx.o
 .debug_aranges
                0x0000000000000148       0xe0 ./Drivers/STM32F1xx_HAL_Driver/Src/stm32f1xx_hal.o
 .debug_aranges
                0x0000000000000228      0x100 ./Drivers/STM32F1xx_HAL_Driver/Src/stm32f1xx_hal_cortex.o
 .debug_aranges
                0x0000000000000328       0x58 ./Drivers/STM32F1xx_HAL_Driver/Src/stm32f1xx_hal_gpio.o
 .debug_aranges
                0x0000000000000380       0x90 ./Drivers/STM32F1xx_HAL_Driver/Src/stm32f1xx_hal_rcc.o
 .debug_aranges
                0x0000000000000410      0x3d0 ./Drivers/STM32F1xx_HAL_Driver/Src/stm32f1xx_hal_tim.o
 .debug_aranges
                0x00000000000007e0      0x168 ./Drivers/STM32F1xx_HAL_Driver/Src/stm32f1xx_hal_tim_ex.o
 .debug_aranges
                0x0000000000000948       0x40 ./source_rtos/FreeRTOS/list.o
 .debug_aranges
                0x0000000000000988      0x190 ./source_rtos/FreeRTOS/tasks.o
 .debug_aranges
                0x0000000000000b18       0x70 ./source_rtos/FreeRTOS/portable/GCC/ARM_CM3/port.o
 .debug_aranges
                0x0000000000000b88       0x60 ./source_rtos/FreeRTOS/portable/MemMang/heap_4.o

.debug_ranges   0x0000000000000000      0xaf0
 .debug_ranges  0x0000000000000000       0x48 ./Core/Src/main.o
 .debug_ranges  0x0000000000000048       0x10 ./Core/Src/stm32f1xx_hal_msp.o
 .debug_ranges  0x0000000000000058       0x20 ./Core/Src/stm32f1xx_hal_timebase_tim.o
 .debug_ranges  0x0000000000000078       0x40 ./Core/Src/stm32f1xx_it.o
 .debug_ranges  0x00000000000000b8       0x18 ./Core/Src/system_stm32f1xx.o
 .debug_ranges  0x00000000000000d0       0x20 ./Core/Startup/startup_stm32f103c8tx.o
 .debug_ranges  0x00000000000000f0       0xd0 ./Drivers/STM32F1xx_HAL_Driver/Src/stm32f1xx_hal.o
 .debug_ranges  0x00000000000001c0       0xf0 ./Drivers/STM32F1xx_HAL_Driver/Src/stm32f1xx_hal_cortex.o
 .debug_ranges  0x00000000000002b0       0x48 ./Drivers/STM32F1xx_HAL_Driver/Src/stm32f1xx_hal_gpio.o
 .debug_ranges  0x00000000000002f8       0x80 ./Drivers/STM32F1xx_HAL_Driver/Src/stm32f1xx_hal_rcc.o
 .debug_ranges  0x0000000000000378      0x3c0 ./Drivers/STM32F1xx_HAL_Driver/Src/stm32f1xx_hal_tim.o
 .debug_ranges  0x0000000000000738      0x158 ./Drivers/STM32F1xx_HAL_Driver/Src/stm32f1xx_hal_tim_ex.o
 .debug_ranges  0x0000000000000890       0x30 ./source_rtos/FreeRTOS/list.o
 .debug_ranges  0x00000000000008c0      0x180 ./source_rtos/FreeRTOS/tasks.o
 .debug_ranges  0x0000000000000a40       0x60 ./source_rtos/FreeRTOS/portable/GCC/ARM_CM3/port.o
 .debug_ranges  0x0000000000000aa0       0x50 ./source_rtos/FreeRTOS/portable/MemMang/heap_4.o

.debug_macro    0x0000000000000000    0x17a59
 .debug_macro   0x0000000000000000      0x220 ./Core/Src/main.o
 .debug_macro   0x0000000000000220      0xa6c ./Core/Src/main.o
 .debug_macro   0x0000000000000c8c      0x215 ./Core/Src/main.o
 .debug_macro   0x0000000000000ea1       0x2e ./Core/Src/main.o
 .debug_macro   0x0000000000000ecf       0x22 ./Core/Src/main.o
 .debug_macro   0x0000000000000ef1       0x22 ./Core/Src/main.o
 .debug_macro   0x0000000000000f13       0x8e ./Core/Src/main.o
 .debug_macro   0x0000000000000fa1       0x51 ./Core/Src/main.o
 .debug_macro   0x0000000000000ff2      0x103 ./Core/Src/main.o
 .debug_macro   0x00000000000010f5       0x6a ./Core/Src/main.o
 .debug_macro   0x000000000000115f      0x1df ./Core/Src/main.o
 .debug_macro   0x000000000000133e       0x1c ./Core/Src/main.o
 .debug_macro   0x000000000000135a       0x22 ./Core/Src/main.o
 .debug_macro   0x000000000000137c       0xbd ./Core/Src/main.o
 .debug_macro   0x0000000000001439      0xd23 ./Core/Src/main.o
 .debug_macro   0x000000000000215c     0xe09e ./Core/Src/main.o
 .debug_macro   0x00000000000101fa       0x6d ./Core/Src/main.o
 .debug_macro   0x0000000000010267     0x3468 ./Core/Src/main.o
 .debug_macro   0x00000000000136cf      0x174 ./Core/Src/main.o
 .debug_macro   0x0000000000013843       0x5c ./Core/Src/main.o
 .debug_macro   0x000000000001389f      0x5be ./Core/Src/main.o
 .debug_macro   0x0000000000013e5d      0x289 ./Core/Src/main.o
 .debug_macro   0x00000000000140e6      0x1cb ./Core/Src/main.o
 .debug_macro   0x00000000000142b1      0x114 ./Core/Src/main.o
 .debug_macro   0x00000000000143c5      0x1b2 ./Core/Src/main.o
 .debug_macro   0x0000000000014577       0x27 ./Core/Src/main.o
 .debug_macro   0x000000000001459e      0x136 ./Core/Src/main.o
 .debug_macro   0x00000000000146d4      0x1bc ./Core/Src/main.o
 .debug_macro   0x0000000000014890       0x34 ./Core/Src/main.o
 .debug_macro   0x00000000000148c4       0x3c ./Core/Src/main.o
 .debug_macro   0x0000000000014900       0x57 ./Core/Src/main.o
 .debug_macro   0x0000000000014957       0x88 ./Core/Src/main.o
 .debug_macro   0x00000000000149df      0x241 ./Core/Src/main.o
 .debug_macro   0x0000000000014c20      0x141 ./Core/Src/main.o
 .debug_macro   0x0000000000014d61      0x8d1 ./Core/Src/main.o
 .debug_macro   0x0000000000015632       0x83 ./Core/Src/main.o
 .debug_macro   0x00000000000156b5       0x28 ./Core/Src/main.o
 .debug_macro   0x00000000000156dd       0x16 ./Core/Src/main.o
 .debug_macro   0x00000000000156f3       0xa0 ./Core/Src/main.o
 .debug_macro   0x0000000000015793      0x15a ./Core/Src/main.o
 .debug_macro   0x00000000000158ed       0xea ./Core/Src/main.o
 .debug_macro   0x00000000000159d7       0x28 ./Core/Src/main.o
 .debug_macro   0x00000000000159ff       0x1f ./Core/Src/main.o
 .debug_macro   0x0000000000015a1e       0x12 ./Core/Src/main.o
 .debug_macro   0x0000000000015a30      0x587 ./Core/Src/main.o
 .debug_macro   0x0000000000015fb7       0xc3 ./Core/Src/main.o
 .debug_macro   0x000000000001607a      0x120 ./Core/Src/main.o
 .debug_macro   0x000000000001619a      0x1a8 ./Core/Src/stm32f1xx_hal_msp.o
 .debug_macro   0x0000000000016342      0x199 ./Core/Src/stm32f1xx_hal_timebase_tim.o
 .debug_macro   0x00000000000164db      0x1b2 ./Core/Src/stm32f1xx_it.o
 .debug_macro   0x000000000001668d      0x199 ./Core/Src/system_stm32f1xx.o
 .debug_macro   0x0000000000016826      0x1bd ./Drivers/STM32F1xx_HAL_Driver/Src/stm32f1xx_hal.o
 .debug_macro   0x00000000000169e3      0x199 ./Drivers/STM32F1xx_HAL_Driver/Src/stm32f1xx_hal_cortex.o
 .debug_macro   0x0000000000016b7c      0x204 ./Drivers/STM32F1xx_HAL_Driver/Src/stm32f1xx_hal_gpio.o
 .debug_macro   0x0000000000016d80      0x1ab ./Drivers/STM32F1xx_HAL_Driver/Src/stm32f1xx_hal_rcc.o
 .debug_macro   0x0000000000016f2b      0x19a ./Drivers/STM32F1xx_HAL_Driver/Src/stm32f1xx_hal_tim.o
 .debug_macro   0x00000000000170c5      0x199 ./Drivers/STM32F1xx_HAL_Driver/Src/stm32f1xx_hal_tim_ex.o
 .debug_macro   0x000000000001725e      0x1a3 ./source_rtos/FreeRTOS/list.o
 .debug_macro   0x0000000000017401      0x289 ./source_rtos/FreeRTOS/tasks.o
 .debug_macro   0x000000000001768a       0x17 ./source_rtos/FreeRTOS/tasks.o
 .debug_macro   0x00000000000176a1      0x194 ./source_rtos/FreeRTOS/portable/GCC/ARM_CM3/port.o
 .debug_macro   0x0000000000017835      0x224 ./source_rtos/FreeRTOS/portable/MemMang/heap_4.o

.debug_line     0x0000000000000000     0xc632
 .debug_line    0x0000000000000000      0x937 ./Core/Src/main.o
 .debug_line    0x0000000000000937      0x63e ./Core/Src/stm32f1xx_hal_msp.o
 .debug_line    0x0000000000000f75      0x6ac ./Core/Src/stm32f1xx_hal_timebase_tim.o
 .debug_line    0x0000000000001621      0x6da ./Core/Src/stm32f1xx_it.o
 .debug_line    0x0000000000001cfb      0x6bc ./Core/Src/system_stm32f1xx.o
 .debug_line    0x00000000000023b7       0x87 ./Core/Startup/startup_stm32f103c8tx.o
 .debug_line    0x000000000000243e      0x8e9 ./Drivers/STM32F1xx_HAL_Driver/Src/stm32f1xx_hal.o
 .debug_line    0x0000000000002d27      0xad1 ./Drivers/STM32F1xx_HAL_Driver/Src/stm32f1xx_hal_cortex.o
 .debug_line    0x00000000000037f8      0x980 ./Drivers/STM32F1xx_HAL_Driver/Src/stm32f1xx_hal_gpio.o
 .debug_line    0x0000000000004178      0xcf7 ./Drivers/STM32F1xx_HAL_Driver/Src/stm32f1xx_hal_rcc.o
 .debug_line    0x0000000000004e6f     0x329f ./Drivers/STM32F1xx_HAL_Driver/Src/stm32f1xx_hal_tim.o
 .debug_line    0x000000000000810e     0x1811 ./Drivers/STM32F1xx_HAL_Driver/Src/stm32f1xx_hal_tim_ex.o
 .debug_line    0x000000000000991f      0x769 ./source_rtos/FreeRTOS/list.o
 .debug_line    0x000000000000a088     0x1534 ./source_rtos/FreeRTOS/tasks.o
 .debug_line    0x000000000000b5bc      0x6ed ./source_rtos/FreeRTOS/portable/GCC/ARM_CM3/port.o
 .debug_line    0x000000000000bca9      0x989 ./source_rtos/FreeRTOS/portable/MemMang/heap_4.o

.debug_str      0x0000000000000000    0x8e497
 .debug_str     0x0000000000000000    0x86b33 ./Core/Src/main.o
                                      0x86f61 (size before relaxing)
 .debug_str     0x0000000000086b33       0x5a ./Core/Src/stm32f1xx_hal_msp.o
                                      0x81777 (size before relaxing)
 .debug_str     0x0000000000086b8d      0x38d ./Core/Src/stm32f1xx_hal_timebase_tim.o
                                      0x81fd8 (size before relaxing)
 .debug_str     0x0000000000086f1a       0xa5 ./Core/Src/stm32f1xx_it.o
                                      0x81c49 (size before relaxing)
 .debug_str     0x0000000000086fbf       0x7e ./Core/Src/system_stm32f1xx.o
                                      0x81720 (size before relaxing)
 .debug_str     0x000000000008703d       0x36 ./Core/Startup/startup_stm32f103c8tx.o
                                         0x7c (size before relaxing)
 .debug_str     0x0000000000087073      0x34a ./Drivers/STM32F1xx_HAL_Driver/Src/stm32f1xx_hal.o
                                      0x81e53 (size before relaxing)
 .debug_str     0x00000000000873bd      0x2a8 ./Drivers/STM32F1xx_HAL_Driver/Src/stm32f1xx_hal_cortex.o
                                      0x81d9f (size before relaxing)
 .debug_str     0x0000000000087665      0x2d2 ./Drivers/STM32F1xx_HAL_Driver/Src/stm32f1xx_hal_gpio.o
                                      0x81aa6 (size before relaxing)
 .debug_str     0x0000000000087937      0x1f3 ./Drivers/STM32F1xx_HAL_Driver/Src/stm32f1xx_hal_rcc.o
                                      0x81b4f (size before relaxing)
 .debug_str     0x0000000000087b2a      0xe69 ./Drivers/STM32F1xx_HAL_Driver/Src/stm32f1xx_hal_tim.o
                                      0x82b3a (size before relaxing)
 .debug_str     0x0000000000088993      0x503 ./Drivers/STM32F1xx_HAL_Driver/Src/stm32f1xx_hal_tim_ex.o
                                      0x82356 (size before relaxing)
 .debug_str     0x0000000000088e96     0x2fe2 ./source_rtos/FreeRTOS/list.o
                                       0xac09 (size before relaxing)
 .debug_str     0x000000000008be78     0x1a0d ./source_rtos/FreeRTOS/tasks.o
                                       0xd9c0 (size before relaxing)
 .debug_str     0x000000000008d885      0x631 ./source_rtos/FreeRTOS/portable/GCC/ARM_CM3/port.o
                                       0x95a7 (size before relaxing)
 .debug_str     0x000000000008deb6      0x5e1 ./source_rtos/FreeRTOS/portable/MemMang/heap_4.o
                                       0xc415 (size before relaxing)

.comment        0x0000000000000000       0x50
 .comment       0x0000000000000000       0x50 ./Core/Src/main.o
                                         0x51 (size before relaxing)
 .comment       0x0000000000000050       0x51 ./Core/Src/stm32f1xx_hal_msp.o
 .comment       0x0000000000000050       0x51 ./Core/Src/stm32f1xx_hal_timebase_tim.o
 .comment       0x0000000000000050       0x51 ./Core/Src/stm32f1xx_it.o
 .comment       0x0000000000000050       0x51 ./Core/Src/system_stm32f1xx.o
 .comment       0x0000000000000050       0x51 ./Drivers/STM32F1xx_HAL_Driver/Src/stm32f1xx_hal.o
 .comment       0x0000000000000050       0x51 ./Drivers/STM32F1xx_HAL_Driver/Src/stm32f1xx_hal_cortex.o
 .comment       0x0000000000000050       0x51 ./Drivers/STM32F1xx_HAL_Driver/Src/stm32f1xx_hal_gpio.o
 .comment       0x0000000000000050       0x51 ./Drivers/STM32F1xx_HAL_Driver/Src/stm32f1xx_hal_rcc.o
 .comment       0x0000000000000050       0x51 ./Drivers/STM32F1xx_HAL_Driver/Src/stm32f1xx_hal_tim.o
 .comment       0x0000000000000050       0x51 ./Drivers/STM32F1xx_HAL_Driver/Src/stm32f1xx_hal_tim_ex.o
 .comment       0x0000000000000050       0x51 ./source_rtos/FreeRTOS/list.o
 .comment       0x0000000000000050       0x51 ./source_rtos/FreeRTOS/tasks.o
 .comment       0x0000000000000050       0x51 ./source_rtos/FreeRTOS/portable/GCC/ARM_CM3/port.o
 .comment       0x0000000000000050       0x51 ./source_rtos/FreeRTOS/portable/MemMang/heap_4.o

.debug_frame    0x0000000000000000     0x3034
 .debug_frame   0x0000000000000000      0x114 ./Core/Src/main.o
 .debug_frame   0x0000000000000114       0x38 ./Core/Src/stm32f1xx_hal_msp.o
 .debug_frame   0x000000000000014c       0x74 ./Core/Src/stm32f1xx_hal_timebase_tim.o
 .debug_frame   0x00000000000001c0       0xc4 ./Core/Src/stm32f1xx_it.o
 .debug_frame   0x0000000000000284       0x58 ./Core/Src/system_stm32f1xx.o
 .debug_frame   0x00000000000002dc      0x334 ./Drivers/STM32F1xx_HAL_Driver/Src/stm32f1xx_hal.o
 .debug_frame   0x0000000000000610      0x428 ./Drivers/STM32F1xx_HAL_Driver/Src/stm32f1xx_hal_cortex.o
 .debug_frame   0x0000000000000a38      0x14c ./Drivers/STM32F1xx_HAL_Driver/Src/stm32f1xx_hal_gpio.o
 .debug_frame   0x0000000000000b84      0x21c ./Drivers/STM32F1xx_HAL_Driver/Src/stm32f1xx_hal_rcc.o
 .debug_frame   0x0000000000000da0     0x11b8 ./Drivers/STM32F1xx_HAL_Driver/Src/stm32f1xx_hal_tim.o
 .debug_frame   0x0000000000001f58      0x638 ./Drivers/STM32F1xx_HAL_Driver/Src/stm32f1xx_hal_tim_ex.o
 .debug_frame   0x0000000000002590       0xd8 ./source_rtos/FreeRTOS/list.o
 .debug_frame   0x0000000000002668      0x6d0 ./source_rtos/FreeRTOS/tasks.o
 .debug_frame   0x0000000000002d38      0x160 ./source_rtos/FreeRTOS/portable/GCC/ARM_CM3/port.o
 .debug_frame   0x0000000000002e98      0x150 ./source_rtos/FreeRTOS/portable/MemMang/heap_4.o
 .debug_frame   0x0000000000002fe8       0x2c /opt/st/stm32cubeide_1.12.0/plugins/com.st.stm32cube.ide.mcu.externaltools.gnu-tools-for-stm32.10.3-2021.10.linux64_1.0.200.202301161003/tools/bin/../lib/gcc/arm-none-eabi/10.3.1/../../../../arm-none-eabi/lib/thumb/v7-m/nofp/libc_nano.a(lib_a-init.o)
 .debug_frame   0x0000000000003014       0x20 /opt/st/stm32cubeide_1.12.0/plugins/com.st.stm32cube.ide.mcu.externaltools.gnu-tools-for-stm32.10.3-2021.10.linux64_1.0.200.202301161003/tools/bin/../lib/gcc/arm-none-eabi/10.3.1/../../../../arm-none-eabi/lib/thumb/v7-m/nofp/libc_nano.a(lib_a-memset.o)
