Archive member included to satisfy reference by file (symbol)

/opt/st/stm32cubeide_1.12.0/plugins/com.st.stm32cube.ide.mcu.externaltools.gnu-tools-for-stm32.10.3-2021.10.linux64_1.0.200.202301161003/tools/bin/../lib/gcc/arm-none-eabi/10.3.1/../../../../arm-none-eabi/lib/thumb/v7-m/nofp/libc_nano.a(lib_a-errno.o)
                              ./Core/Src/syscalls.o (__errno)
/opt/st/stm32cubeide_1.12.0/plugins/com.st.stm32cube.ide.mcu.externaltools.gnu-tools-for-stm32.10.3-2021.10.linux64_1.0.200.202301161003/tools/bin/../lib/gcc/arm-none-eabi/10.3.1/../../../../arm-none-eabi/lib/thumb/v7-m/nofp/libc_nano.a(lib_a-exit.o)
                              /opt/st/stm32cubeide_1.12.0/plugins/com.st.stm32cube.ide.mcu.externaltools.gnu-tools-for-stm32.10.3-2021.10.linux64_1.0.200.202301161003/tools/bin/../lib/gcc/arm-none-eabi/10.3.1/../../../../arm-none-eabi/lib/thumb/v7-m/nofp/crt0.o (exit)
/opt/st/stm32cubeide_1.12.0/plugins/com.st.stm32cube.ide.mcu.externaltools.gnu-tools-for-stm32.10.3-2021.10.linux64_1.0.200.202301161003/tools/bin/../lib/gcc/arm-none-eabi/10.3.1/../../../../arm-none-eabi/lib/thumb/v7-m/nofp/libc_nano.a(lib_a-impure.o)
                              /opt/st/stm32cubeide_1.12.0/plugins/com.st.stm32cube.ide.mcu.externaltools.gnu-tools-for-stm32.10.3-2021.10.linux64_1.0.200.202301161003/tools/bin/../lib/gcc/arm-none-eabi/10.3.1/../../../../arm-none-eabi/lib/thumb/v7-m/nofp/libc_nano.a(lib_a-exit.o) (_global_impure_ptr)
/opt/st/stm32cubeide_1.12.0/plugins/com.st.stm32cube.ide.mcu.externaltools.gnu-tools-for-stm32.10.3-2021.10.linux64_1.0.200.202301161003/tools/bin/../lib/gcc/arm-none-eabi/10.3.1/../../../../arm-none-eabi/lib/thumb/v7-m/nofp/libc_nano.a(lib_a-init.o)
                              /opt/st/stm32cubeide_1.12.0/plugins/com.st.stm32cube.ide.mcu.externaltools.gnu-tools-for-stm32.10.3-2021.10.linux64_1.0.200.202301161003/tools/bin/../lib/gcc/arm-none-eabi/10.3.1/../../../../arm-none-eabi/lib/thumb/v7-m/nofp/crt0.o (__libc_init_array)
/opt/st/stm32cubeide_1.12.0/plugins/com.st.stm32cube.ide.mcu.externaltools.gnu-tools-for-stm32.10.3-2021.10.linux64_1.0.200.202301161003/tools/bin/../lib/gcc/arm-none-eabi/10.3.1/../../../../arm-none-eabi/lib/thumb/v7-m/nofp/libc_nano.a(lib_a-memcpy-stub.o)
                              ./source_rtos/FreeRTOS/queue.o (memcpy)
/opt/st/stm32cubeide_1.12.0/plugins/com.st.stm32cube.ide.mcu.externaltools.gnu-tools-for-stm32.10.3-2021.10.linux64_1.0.200.202301161003/tools/bin/../lib/gcc/arm-none-eabi/10.3.1/../../../../arm-none-eabi/lib/thumb/v7-m/nofp/libc_nano.a(lib_a-memset.o)
                              /opt/st/stm32cubeide_1.12.0/plugins/com.st.stm32cube.ide.mcu.externaltools.gnu-tools-for-stm32.10.3-2021.10.linux64_1.0.200.202301161003/tools/bin/../lib/gcc/arm-none-eabi/10.3.1/../../../../arm-none-eabi/lib/thumb/v7-m/nofp/crt0.o (memset)

Discarded input sections

 .text          0x0000000000000000        0x0 /opt/st/stm32cubeide_1.12.0/plugins/com.st.stm32cube.ide.mcu.externaltools.gnu-tools-for-stm32.10.3-2021.10.linux64_1.0.200.202301161003/tools/bin/../lib/gcc/arm-none-eabi/10.3.1/thumb/v7-m/nofp/crti.o
 .data          0x0000000000000000        0x0 /opt/st/stm32cubeide_1.12.0/plugins/com.st.stm32cube.ide.mcu.externaltools.gnu-tools-for-stm32.10.3-2021.10.linux64_1.0.200.202301161003/tools/bin/../lib/gcc/arm-none-eabi/10.3.1/thumb/v7-m/nofp/crti.o
 .bss           0x0000000000000000        0x0 /opt/st/stm32cubeide_1.12.0/plugins/com.st.stm32cube.ide.mcu.externaltools.gnu-tools-for-stm32.10.3-2021.10.linux64_1.0.200.202301161003/tools/bin/../lib/gcc/arm-none-eabi/10.3.1/thumb/v7-m/nofp/crti.o
 .data          0x0000000000000000        0x4 /opt/st/stm32cubeide_1.12.0/plugins/com.st.stm32cube.ide.mcu.externaltools.gnu-tools-for-stm32.10.3-2021.10.linux64_1.0.200.202301161003/tools/bin/../lib/gcc/arm-none-eabi/10.3.1/thumb/v7-m/nofp/crtbegin.o
 .rodata        0x0000000000000000       0x24 /opt/st/stm32cubeide_1.12.0/plugins/com.st.stm32cube.ide.mcu.externaltools.gnu-tools-for-stm32.10.3-2021.10.linux64_1.0.200.202301161003/tools/bin/../lib/gcc/arm-none-eabi/10.3.1/thumb/v7-m/nofp/crtbegin.o
 .text          0x0000000000000000       0x7c /opt/st/stm32cubeide_1.12.0/plugins/com.st.stm32cube.ide.mcu.externaltools.gnu-tools-for-stm32.10.3-2021.10.linux64_1.0.200.202301161003/tools/bin/../lib/gcc/arm-none-eabi/10.3.1/../../../../arm-none-eabi/lib/thumb/v7-m/nofp/crt0.o
 .data          0x0000000000000000        0x0 /opt/st/stm32cubeide_1.12.0/plugins/com.st.stm32cube.ide.mcu.externaltools.gnu-tools-for-stm32.10.3-2021.10.linux64_1.0.200.202301161003/tools/bin/../lib/gcc/arm-none-eabi/10.3.1/../../../../arm-none-eabi/lib/thumb/v7-m/nofp/crt0.o
 .bss           0x0000000000000000        0x0 /opt/st/stm32cubeide_1.12.0/plugins/com.st.stm32cube.ide.mcu.externaltools.gnu-tools-for-stm32.10.3-2021.10.linux64_1.0.200.202301161003/tools/bin/../lib/gcc/arm-none-eabi/10.3.1/../../../../arm-none-eabi/lib/thumb/v7-m/nofp/crt0.o
[...]
Memory Configuration

Name             Origin             Length             Attributes
RAM              0x0000000020000000 0x0000000000005000 xrw
FLASH            0x0000000008000000 0x0000000000010000 xr
*default*        0x0000000000000000 0xffffffffffffffff

Linker script and memory map

LOAD /opt/st/stm32cubeide_1.12.0/plugins/com.st.stm32cube.ide.mcu.externaltools.gnu-tools-for-stm32.10.3-2021.10.linux64_1.0.200.202301161003/tools/bin/../lib/gcc/arm-none-eabi/10.3.1/thumb/v7-m/nofp/crti.o
LOAD /opt/st/stm32cubeide_1.12.0/plugins/com.st.stm32cube.ide.mcu.externaltools.gnu-tools-for-stm32.10.3-2021.10.linux64_1.0.200.202301161003/tools/bin/../lib/gcc/arm-none-eabi/10.3.1/thumb/v7-m/nofp/crtbegin.o
LOAD /opt/st/stm32cubeide_1.12.0/plugins/com.st.stm32cube.ide.mcu.externaltools.gnu-tools-for-stm32.10.3-2021.10.linux64_1.0.200.202301161003/tools/bin/../lib/gcc/arm-none-eabi/10.3.1/../../../../arm-none-eabi/lib/thumb/v7-m/nofp/crt0.o
LOAD ./Core/Src/main.o
LOAD ./Core/Src/stm32f1xx_hal_msp.o
LOAD ./Core/Src/stm32f1xx_hal_timebase_tim.o
LOAD ./Core/Src/stm32f1xx_it.o
LOAD ./Core/Src/syscalls.o
LOAD ./Core/Src/sysmem.o
LOAD ./Core/Src/system_stm32f1xx.o
LOAD ./Core/Startup/startup_stm32f103c8tx.o
LOAD ./Drivers/STM32F1xx_HAL_Driver/Src/stm32f1xx_hal.o
LOAD ./Drivers/STM32F1xx_HAL_Driver/Src/stm32f1xx_hal_cortex.o
LOAD ./Drivers/STM32F1xx_HAL_Driver/Src/stm32f1xx_hal_dma.o
LOAD ./Drivers/STM32F1xx_HAL_Driver/Src/stm32f1xx_hal_exti.o
LOAD ./Drivers/STM32F1xx_HAL_Driver/Src/stm32f1xx_hal_flash.o
LOAD ./Drivers/STM32F1xx_HAL_Driver/Src/stm32f1xx_hal_flash_ex.o
LOAD ./Drivers/STM32F1xx_HAL_Driver/Src/stm32f1xx_hal_gpio.o
LOAD ./Drivers/STM32F1xx_HAL_Driver/Src/stm32f1xx_hal_gpio_ex.o
LOAD ./Drivers/STM32F1xx_HAL_Driver/Src/stm32f1xx_hal_pwr.o
LOAD ./Drivers/STM32F1xx_HAL_Driver/Src/stm32f1xx_hal_rcc.o
LOAD ./Drivers/STM32F1xx_HAL_Driver/Src/stm32f1xx_hal_rcc_ex.o
LOAD ./Drivers/STM32F1xx_HAL_Driver/Src/stm32f1xx_hal_tim.o
LOAD ./Drivers/STM32F1xx_HAL_Driver/Src/stm32f1xx_hal_tim_ex.o
LOAD ./source_rtos/FreeRTOS/event_groups.o
LOAD ./source_rtos/FreeRTOS/list.o
LOAD ./source_rtos/FreeRTOS/queue.o
LOAD ./source_rtos/FreeRTOS/stream_buffer.o
LOAD ./source_rtos/FreeRTOS/tasks.o
LOAD ./source_rtos/FreeRTOS/timers.o
LOAD ./source_rtos/FreeRTOS/portable/GCC/ARM_CM3/port.o
LOAD ./source_rtos/FreeRTOS/portable/MemMang/heap_4.o
START GROUP
LOAD /opt/st/stm32cubeide_1.12.0/plugins/com.st.stm32cube.ide.mcu.externaltools.gnu-tools-for-stm32.10.3-2021.10.linux64_1.0.200.202301161003/tools/bin/../lib/gcc/arm-none-eabi/10.3.1/../../../../arm-none-eabi/lib/thumb/v7-m/nofp/libc_nano.a
LOAD /opt/st/stm32cubeide_1.12.0/plugins/com.st.stm32cube.ide.mcu.externaltools.gnu-tools-for-stm32.10.3-2021.10.linux64_1.0.200.202301161003/tools/bin/../lib/gcc/arm-none-eabi/10.3.1/../../../../arm-none-eabi/lib/thumb/v7-m/nofp/libm.a
END GROUP
START GROUP
LOAD /opt/st/stm32cubeide_1.12.0/plugins/com.st.stm32cube.ide.mcu.externaltools.gnu-tools-for-stm32.10.3-2021.10.linux64_1.0.200.202301161003/tools/bin/../lib/gcc/arm-none-eabi/10.3.1/thumb/v7-m/nofp/libgcc.a
LOAD /opt/st/stm32cubeide_1.12.0/plugins/com.st.stm32cube.ide.mcu.externaltools.gnu-tools-for-stm32.10.3-2021.10.linux64_1.0.200.202301161003/tools/bin/../lib/gcc/arm-none-eabi/10.3.1/../../../../arm-none-eabi/lib/thumb/v7-m/nofp/libc_nano.a
END GROUP
START GROUP
LOAD /opt/st/stm32cubeide_1.12.0/plugins/com.st.stm32cube.ide.mcu.externaltools.gnu-tools-for-stm32.10.3-2021.10.linux64_1.0.200.202301161003/tools/bin/../lib/gcc/arm-none-eabi/10.3.1/thumb/v7-m/nofp/libgcc.a
LOAD /opt/st/stm32cubeide_1.12.0/plugins/com.st.stm32cube.ide.mcu.externaltools.gnu-tools-for-stm32.10.3-2021.10.linux64_1.0.200.202301161003/tools/bin/../lib/gcc/arm-none-eabi/10.3.1/../../../../arm-none-eabi/lib/thumb/v7-m/nofp/libc_nano.a
LOAD /opt/st/stm32cubeide_1.12.0/plugins/com.st.stm32cube.ide.mcu.externaltools.gnu-tools-for-stm32.10.3-2021.10.linux64_1.0.200.202301161003/tools/bin/../lib/gcc/arm-none-eabi/10.3.1/../../../../arm-none-eabi/lib/thumb/v7-m/nofp/libnosys.a
END GROUP
START GROUP
LOAD /opt/st/stm32cubeide_1.12.0/plugins/com.st.stm32cube.ide.mcu.externaltools.gnu-tools-for-stm32.10.3-2021.10.linux64_1.0.200.202301161003/tools/bin/../lib/gcc/arm-none-eabi/10.3.1/thumb/v7-m/nofp/libgcc.a
LOAD /opt/st/stm32cubeide_1.12.0/plugins/com.st.stm32cube.ide.mcu.externaltools.gnu-tools-for-stm32.10.3-2021.10.linux64_1.0.200.202301161003/tools/bin/../lib/gcc/arm-none-eabi/10.3.1/../../../../arm-none-eabi/lib/thumb/v7-m/nofp/libc_nano.a
LOAD /opt/st/stm32cubeide_1.12.0/plugins/com.st.stm32cube.ide.mcu.externaltools.gnu-tools-for-stm32.10.3-2021.10.linux64_1.0.200.202301161003/tools/bin/../lib/gcc/arm-none-eabi/10.3.1/../../../../arm-none-eabi/lib/thumb/v7-m/nofp/libnosys.a
END GROUP
LOAD /opt/st/stm32cubeide_1.12.0/plugins/com.st.stm32cube.ide.mcu.externaltools.gnu-tools-for-stm32.10.3-2021.10.linux64_1.0.200.202301161003/tools/bin/../lib/gcc/arm-none-eabi/10.3.1/thumb/v7-m/nofp/crtend.o
LOAD /opt/st/stm32cubeide_1.12.0/plugins/com.st.stm32cube.ide.mcu.externaltools.gnu-tools-for-stm32.10.3-2021.10.linux64_1.0.200.202301161003/tools/bin/../lib/gcc/arm-none-eabi/10.3.1/thumb/v7-m/nofp/crtn.o
                0x0000000020005000                _estack = (ORIGIN (RAM) + LENGTH (RAM))
                0x0000000000000200                _Min_Heap_Size = 0x200
                0x0000000000000400                _Min_Stack_Size = 0x400

.isr_vector     0x0000000008000000      0x10c
                0x0000000008000000                . = ALIGN (0x4)
 *(.isr_vector)
 .isr_vector    0x0000000008000000      0x10c ./Core/Startup/startup_stm32f103c8tx.o
                0x0000000008000000                g_pfnVectors
                0x000000000800010c                . = ALIGN (0x4)

.text           0x0000000008000110     0x2938
                0x0000000008000110                . = ALIGN (0x4)
 *(.text)
 .text          0x0000000008000110       0x40 /opt/st/stm32cubeide_1.12.0/plugins/com.st.stm32cube.ide.mcu.externaltools.gnu-tools-for-stm32.10.3-2021.10.linux64_1.0.200.202301161003/tools/bin/../lib/gcc/arm-none-eabi/10.3.1/thumb/v7-m/nofp/crtbegin.o
 *(.text*)
 .text.main     0x0000000008000150       0x78 ./Core/Src/main.o
                0x0000000008000150                main
 .text.SystemClock_Config
                0x00000000080001c8       0x8e ./Core/Src/main.o
                0x00000000080001c8                SystemClock_Config
 *fill*         0x0000000008000256        0x2 
 .text.MX_GPIO_Init
                0x0000000008000258       0xdc ./Core/Src/main.o
 .text.tarefa1  0x0000000008000334       0x2c ./Core/Src/main.o
 .text.tarefa2  0x0000000008000360       0x2c ./Core/Src/main.o
 .text.tarefa3  0x000000000800038c       0x2c ./Core/Src/main.o
 .text.HAL_TIM_PeriodElapsedCallback
                0x00000000080003b8       0x24 ./Core/Src/main.o
                0x00000000080003b8                HAL_TIM_PeriodElapsedCallback
 .text.Error_Handler
                0x00000000080003dc        0xa ./Core/Src/main.o
                0x00000000080003dc                Error_Handler
 *fill*         0x00000000080003e6        0x2 
 .text.HAL_MspInit
                0x00000000080003e8       0x64 ./Core/Src/stm32f1xx_hal_msp.o
                0x00000000080003e8                HAL_MspInit
 .text.HAL_InitTick
                0x000000000800044c       0xfc ./Core/Src/stm32f1xx_hal_timebase_tim.o
                0x000000000800044c                HAL_InitTick
 .text.NMI_Handler
                0x0000000008000548        0xa ./Core/Src/stm32f1xx_it.o
                0x0000000008000548                NMI_Handler
 .text.HardFault_Handler
                0x0000000008000552        0x6 ./Core/Src/stm32f1xx_it.o
                0x0000000008000552                HardFault_Handler
 .text.MemManage_Handler
                0x0000000008000558        0x6 ./Core/Src/stm32f1xx_it.o
                0x0000000008000558                MemManage_Handler
 .text.BusFault_Handler
                0x000000000800055e        0x6 ./Core/Src/stm32f1xx_it.o
                0x000000000800055e                BusFault_Handler
 .text.UsageFault_Handler
                0x0000000008000564        0x6 ./Core/Src/stm32f1xx_it.o
                0x0000000008000564                UsageFault_Handler
 .text.DebugMon_Handler
                0x000000000800056a        0xc ./Core/Src/stm32f1xx_it.o
                0x000000000800056a                DebugMon_Handler
 *fill*         0x0000000008000576        0x2 
 .text.TIM4_IRQHandler
                0x0000000008000578       0x14 ./Core/Src/stm32f1xx_it.o
                0x0000000008000578                TIM4_IRQHandler
 .text.SystemInit
                0x000000000800058c        0xc ./Core/Src/system_stm32f1xx.o
                0x000000000800058c                SystemInit
 .text.Reset_Handler
                0x0000000008000598       0x48 ./Core/Startup/startup_stm32f103c8tx.o
                0x0000000008000598                Reset_Handler
 .text.Default_Handler
                0x00000000080005e0        0x2 ./Core/Startup/startup_stm32f103c8tx.o
                0x00000000080005e0                RTC_Alarm_IRQHandler
                0x00000000080005e0                EXTI2_IRQHandler
                0x00000000080005e0                TIM1_CC_IRQHandler
                0x00000000080005e0                PVD_IRQHandler
                0x00000000080005e0                EXTI3_IRQHandler
                0x00000000080005e0                EXTI0_IRQHandler
                0x00000000080005e0                I2C2_EV_IRQHandler
                0x00000000080005e0                ADC1_2_IRQHandler
                0x00000000080005e0                SPI1_IRQHandler
                0x00000000080005e0                TAMPER_IRQHandler
                0x00000000080005e0                DMA1_Channel4_IRQHandler
                0x00000000080005e0                USART3_IRQHandler
                0x00000000080005e0                RTC_IRQHandler
                0x00000000080005e0                DMA1_Channel7_IRQHandler
                0x00000000080005e0                CAN1_RX1_IRQHandler
                0x00000000080005e0                I2C1_EV_IRQHandler
                0x00000000080005e0                DMA1_Channel6_IRQHandler
                0x00000000080005e0                TIM3_IRQHandler
                0x00000000080005e0                RCC_IRQHandler
                0x00000000080005e0                TIM1_TRG_COM_IRQHandler
                0x00000000080005e0                DMA1_Channel1_IRQHandler
                0x00000000080005e0                Default_Handler
                0x00000000080005e0                EXTI15_10_IRQHandler
                0x00000000080005e0                EXTI9_5_IRQHandler
                0x00000000080005e0                SPI2_IRQHandler
                0x00000000080005e0                DMA1_Channel5_IRQHandler
                0x00000000080005e0                EXTI4_IRQHandler
                0x00000000080005e0                USB_LP_CAN1_RX0_IRQHandler
                0x00000000080005e0                USB_HP_CAN1_TX_IRQHandler
                0x00000000080005e0                DMA1_Channel3_IRQHandler
                0x00000000080005e0                TIM1_UP_IRQHandler
                0x00000000080005e0                WWDG_IRQHandler
                0x00000000080005e0                TIM2_IRQHandler
                0x00000000080005e0                TIM1_BRK_IRQHandler
                0x00000000080005e0                EXTI1_IRQHandler
                0x00000000080005e0                USART2_IRQHandler
                0x00000000080005e0                I2C2_ER_IRQHandler
                0x00000000080005e0                DMA1_Channel2_IRQHandler
                0x00000000080005e0                CAN1_SCE_IRQHandler
                0x00000000080005e0                FLASH_IRQHandler
                0x00000000080005e0                USART1_IRQHandler
                0x00000000080005e0                I2C1_ER_IRQHandler
                0x00000000080005e0                USBWakeUp_IRQHandler
 *fill*         0x00000000080005e2        0x2 
 .text.HAL_Init
                0x00000000080005e4       0x2c ./Drivers/STM32F1xx_HAL_Driver/Src/stm32f1xx_hal.o
                0x00000000080005e4                HAL_Init
 .text.HAL_IncTick
                0x0000000008000610       0x24 ./Drivers/STM32F1xx_HAL_Driver/Src/stm32f1xx_hal.o
                0x0000000008000610                HAL_IncTick
 .text.HAL_GetTick
                0x0000000008000634       0x14 ./Drivers/STM32F1xx_HAL_Driver/Src/stm32f1xx_hal.o
                0x0000000008000634                HAL_GetTick
 .text.__NVIC_SetPriorityGrouping
                0x0000000008000648       0x48 ./Drivers/STM32F1xx_HAL_Driver/Src/stm32f1xx_hal_cortex.o
 .text.__NVIC_GetPriorityGrouping
                0x0000000008000690       0x1c ./Drivers/STM32F1xx_HAL_Driver/Src/stm32f1xx_hal_cortex.o
 .text.__NVIC_EnableIRQ
                0x00000000080006ac       0x38 ./Drivers/STM32F1xx_HAL_Driver/Src/stm32f1xx_hal_cortex.o
 .text.__NVIC_SetPriority
                0x00000000080006e4       0x54 ./Drivers/STM32F1xx_HAL_Driver/Src/stm32f1xx_hal_cortex.o
 .text.NVIC_EncodePriority
                0x0000000008000738       0x64 ./Drivers/STM32F1xx_HAL_Driver/Src/stm32f1xx_hal_cortex.o
 .text.HAL_NVIC_SetPriorityGrouping
                0x000000000800079c       0x16 ./Drivers/STM32F1xx_HAL_Driver/Src/stm32f1xx_hal_cortex.o
                0x000000000800079c                HAL_NVIC_SetPriorityGrouping
 .text.HAL_NVIC_SetPriority
                0x00000000080007b2       0x38 ./Drivers/STM32F1xx_HAL_Driver/Src/stm32f1xx_hal_cortex.o
                0x00000000080007b2                HAL_NVIC_SetPriority
 .text.HAL_NVIC_EnableIRQ
                0x00000000080007ea       0x1c ./Drivers/STM32F1xx_HAL_Driver/Src/stm32f1xx_hal_cortex.o
                0x00000000080007ea                HAL_NVIC_EnableIRQ
 *fill*         0x0000000008000806        0x2 
 .text.HAL_GPIO_Init
                0x0000000008000808      0x308 ./Drivers/STM32F1xx_HAL_Driver/Src/stm32f1xx_hal_gpio.o
                0x0000000008000808                HAL_GPIO_Init
 .text.HAL_GPIO_WritePin
                0x0000000008000b10       0x30 ./Drivers/STM32F1xx_HAL_Driver/Src/stm32f1xx_hal_gpio.o
                0x0000000008000b10                HAL_GPIO_WritePin
 .text.HAL_GPIO_TogglePin
                0x0000000008000b40       0x32 ./Drivers/STM32F1xx_HAL_Driver/Src/stm32f1xx_hal_gpio.o
                0x0000000008000b40                HAL_GPIO_TogglePin
 *fill*         0x0000000008000b72        0x2 
 .text.HAL_RCC_OscConfig
                0x0000000008000b74      0x504 ./Drivers/STM32F1xx_HAL_Driver/Src/stm32f1xx_hal_rcc.o
                0x0000000008000b74                HAL_RCC_OscConfig
 .text.HAL_RCC_ClockConfig
                0x0000000008001078      0x1d4 ./Drivers/STM32F1xx_HAL_Driver/Src/stm32f1xx_hal_rcc.o
                0x0000000008001078                HAL_RCC_ClockConfig
 .text.HAL_RCC_EnableCSS
                0x000000000800124c       0x18 ./Drivers/STM32F1xx_HAL_Driver/Src/stm32f1xx_hal_rcc.o
                0x000000000800124c                HAL_RCC_EnableCSS
 .text.HAL_RCC_GetSysClockFreq
                0x0000000008001264       0xbc ./Drivers/STM32F1xx_HAL_Driver/Src/stm32f1xx_hal_rcc.o
                0x0000000008001264                HAL_RCC_GetSysClockFreq
 .text.HAL_RCC_GetHCLKFreq
                0x0000000008001320       0x14 ./Drivers/STM32F1xx_HAL_Driver/Src/stm32f1xx_hal_rcc.o
                0x0000000008001320                HAL_RCC_GetHCLKFreq
 .text.HAL_RCC_GetPCLK1Freq
                0x0000000008001334       0x28 ./Drivers/STM32F1xx_HAL_Driver/Src/stm32f1xx_hal_rcc.o
                0x0000000008001334                HAL_RCC_GetPCLK1Freq
 .text.HAL_RCC_GetClockConfig
                0x000000000800135c       0x60 ./Drivers/STM32F1xx_HAL_Driver/Src/stm32f1xx_hal_rcc.o
                0x000000000800135c                HAL_RCC_GetClockConfig
 .text.HAL_RCC_NMI_IRQHandler
                0x00000000080013bc       0x28 ./Drivers/STM32F1xx_HAL_Driver/Src/stm32f1xx_hal_rcc.o
                0x00000000080013bc                HAL_RCC_NMI_IRQHandler
 .text.RCC_Delay
                0x00000000080013e4       0x3c ./Drivers/STM32F1xx_HAL_Driver/Src/stm32f1xx_hal_rcc.o
 .text.HAL_RCC_CSSCallback
                0x0000000008001420        0xc ./Drivers/STM32F1xx_HAL_Driver/Src/stm32f1xx_hal_rcc.o
                0x0000000008001420                HAL_RCC_CSSCallback
 .text.HAL_TIM_Base_Init
                0x000000000800142c       0x9e ./Drivers/STM32F1xx_HAL_Driver/Src/stm32f1xx_hal_tim.o
                0x000000000800142c                HAL_TIM_Base_Init
 .text.HAL_TIM_Base_MspInit
                0x00000000080014ca       0x12 ./Drivers/STM32F1xx_HAL_Driver/Src/stm32f1xx_hal_tim.o
                0x00000000080014ca                HAL_TIM_Base_MspInit
 .text.HAL_TIM_Base_Start_IT
                0x00000000080014dc       0xa4 ./Drivers/STM32F1xx_HAL_Driver/Src/stm32f1xx_hal_tim.o
                0x00000000080014dc                HAL_TIM_Base_Start_IT
 .text.HAL_TIM_IRQHandler
                0x0000000008001580      0x210 ./Drivers/STM32F1xx_HAL_Driver/Src/stm32f1xx_hal_tim.o
                0x0000000008001580                HAL_TIM_IRQHandler
 .text.HAL_TIM_OC_DelayElapsedCallback
                0x0000000008001790       0x12 ./Drivers/STM32F1xx_HAL_Driver/Src/stm32f1xx_hal_tim.o
                0x0000000008001790                HAL_TIM_OC_DelayElapsedCallback
 .text.HAL_TIM_IC_CaptureCallback
                0x00000000080017a2       0x12 ./Drivers/STM32F1xx_HAL_Driver/Src/stm32f1xx_hal_tim.o
                0x00000000080017a2                HAL_TIM_IC_CaptureCallback
 .text.HAL_TIM_PWM_PulseFinishedCallback
                0x00000000080017b4       0x12 ./Drivers/STM32F1xx_HAL_Driver/Src/stm32f1xx_hal_tim.o
                0x00000000080017b4                HAL_TIM_PWM_PulseFinishedCallback
 .text.HAL_TIM_TriggerCallback
                0x00000000080017c6       0x12 ./Drivers/STM32F1xx_HAL_Driver/Src/stm32f1xx_hal_tim.o
                0x00000000080017c6                HAL_TIM_TriggerCallback
 .text.TIM_Base_SetConfig
                0x00000000080017d8       0xc4 ./Drivers/STM32F1xx_HAL_Driver/Src/stm32f1xx_hal_tim.o
                0x00000000080017d8                TIM_Base_SetConfig
 .text.HAL_TIMEx_CommutCallback
                0x000000000800189c       0x12 ./Drivers/STM32F1xx_HAL_Driver/Src/stm32f1xx_hal_tim_ex.o
                0x000000000800189c                HAL_TIMEx_CommutCallback
 .text.HAL_TIMEx_BreakCallback
                0x00000000080018ae       0x12 ./Drivers/STM32F1xx_HAL_Driver/Src/stm32f1xx_hal_tim_ex.o
                0x00000000080018ae                HAL_TIMEx_BreakCallback
 .text.vListInitialise
                0x00000000080018c0       0x3e ./source_rtos/FreeRTOS/list.o
                0x00000000080018c0                vListInitialise
 .text.vListInitialiseItem
                0x00000000080018fe       0x18 ./source_rtos/FreeRTOS/list.o
                0x00000000080018fe                vListInitialiseItem
 .text.vListInsert
                0x0000000008001916       0x70 ./source_rtos/FreeRTOS/list.o
                0x0000000008001916                vListInsert
 .text.uxListRemove
                0x0000000008001986       0x52 ./source_rtos/FreeRTOS/list.o
                0x0000000008001986                uxListRemove
 .text.xTaskCreate
                0x00000000080019d8       0x8c ./source_rtos/FreeRTOS/tasks.o
                0x00000000080019d8                xTaskCreate
 .text.prvInitialiseNewTask
                0x0000000008001a64       0xca ./source_rtos/FreeRTOS/tasks.o
 *fill*         0x0000000008001b2e        0x2 
 .text.prvAddNewTaskToReadyList
                0x0000000008001b30      0x124 ./source_rtos/FreeRTOS/tasks.o
 .text.xTaskDelayUntil
                0x0000000008001c54       0xa4 ./source_rtos/FreeRTOS/tasks.o
                0x0000000008001c54                xTaskDelayUntil
 .text.vTaskStartScheduler
                0x0000000008001cf8       0x78 ./source_rtos/FreeRTOS/tasks.o
                0x0000000008001cf8                vTaskStartScheduler
 .text.vTaskSuspendAll
                0x0000000008001d70       0x1c ./source_rtos/FreeRTOS/tasks.o
                0x0000000008001d70                vTaskSuspendAll
 .text.xTaskResumeAll
                0x0000000008001d8c      0x1d8 ./source_rtos/FreeRTOS/tasks.o
                0x0000000008001d8c                xTaskResumeAll
 .text.xTaskGetTickCount
                0x0000000008001f64       0x1c ./source_rtos/FreeRTOS/tasks.o
                0x0000000008001f64                xTaskGetTickCount
 .text.xTaskIncrementTick
                0x0000000008001f80      0x20c ./source_rtos/FreeRTOS/tasks.o
                0x0000000008001f80                xTaskIncrementTick
 .text.vTaskSwitchContext
                0x000000000800218c       0x88 ./source_rtos/FreeRTOS/tasks.o
                0x000000000800218c                vTaskSwitchContext
 .text.prvIdleTask
                0x0000000008002214       0x30 ./source_rtos/FreeRTOS/tasks.o
 .text.prvInitialiseTaskLists
                0x0000000008002244       0x80 ./source_rtos/FreeRTOS/tasks.o
 .text.prvCheckTasksWaitingTermination
                0x00000000080022c4       0x5c ./source_rtos/FreeRTOS/tasks.o
 .text.prvDeleteTCB
                0x0000000008002320       0x20 ./source_rtos/FreeRTOS/tasks.o
 .text.prvResetNextTaskUnblockTime
                0x0000000008002340       0x34 ./source_rtos/FreeRTOS/tasks.o
 .text.prvAddCurrentTaskToDelayedList
                0x0000000008002374      0x100 ./source_rtos/FreeRTOS/tasks.o
 .text.pxPortInitialiseStack
                0x0000000008002474       0x58 ./source_rtos/FreeRTOS/portable/GCC/ARM_CM3/port.o
                0x0000000008002474                pxPortInitialiseStack
 .text.prvTaskExitError
                0x00000000080024cc       0x32 ./source_rtos/FreeRTOS/portable/GCC/ARM_CM3/port.o
 *fill*         0x00000000080024fe        0x2 
 .text.SVC_Handler
                0x0000000008002500       0x28 ./source_rtos/FreeRTOS/portable/GCC/ARM_CM3/port.o
                0x0000000008002500                SVC_Handler
 .text.prvPortStartFirstTask
                0x0000000008002528       0x24 ./source_rtos/FreeRTOS/portable/GCC/ARM_CM3/port.o
 .text.xPortStartScheduler
                0x000000000800254c       0x40 ./source_rtos/FreeRTOS/portable/GCC/ARM_CM3/port.o
                0x000000000800254c                xPortStartScheduler
 .text.vPortEnterCritical
                0x000000000800258c       0x34 ./source_rtos/FreeRTOS/portable/GCC/ARM_CM3/port.o
                0x000000000800258c                vPortEnterCritical
 .text.vPortExitCritical
                0x00000000080025c0       0x34 ./source_rtos/FreeRTOS/portable/GCC/ARM_CM3/port.o
                0x00000000080025c0                vPortExitCritical
 *fill*         0x00000000080025f4        0xc 
 .text.PendSV_Handler
                0x0000000008002600       0x48 ./source_rtos/FreeRTOS/portable/GCC/ARM_CM3/port.o
                0x0000000008002600                PendSV_Handler
 .text.SysTick_Handler
                0x0000000008002648       0x44 ./source_rtos/FreeRTOS/portable/GCC/ARM_CM3/port.o
                0x0000000008002648                SysTick_Handler
 .text.vPortSetupTimerInterrupt
                0x000000000800268c       0x34 ./source_rtos/FreeRTOS/portable/GCC/ARM_CM3/port.o
                0x000000000800268c                vPortSetupTimerInterrupt
 .text.pvPortMalloc
                0x00000000080026c0      0x134 ./source_rtos/FreeRTOS/portable/MemMang/heap_4.o
                0x00000000080026c0                pvPortMalloc
 .text.vPortFree
                0x00000000080027f4       0x7c ./source_rtos/FreeRTOS/portable/MemMang/heap_4.o
                0x00000000080027f4                vPortFree
 .text.prvHeapInit
                0x0000000008002870       0xb8 ./source_rtos/FreeRTOS/portable/MemMang/heap_4.o
 .text.prvInsertBlockIntoFreeList
                0x0000000008002928       0xb0 ./source_rtos/FreeRTOS/portable/MemMang/heap_4.o
 .text.__libc_init_array
                0x00000000080029d8       0x48 /opt/st/stm32cubeide_1.12.0/plugins/com.st.stm32cube.ide.mcu.externaltools.gnu-tools-for-stm32.10.3-2021.10.linux64_1.0.200.202301161003/tools/bin/../lib/gcc/arm-none-eabi/10.3.1/../../../../arm-none-eabi/lib/thumb/v7-m/nofp/libc_nano.a(lib_a-init.o)
                0x00000000080029d8                __libc_init_array
 .text.memset   0x0000000008002a20       0x10 /opt/st/stm32cubeide_1.12.0/plugins/com.st.stm32cube.ide.mcu.externaltools.gnu-tools-for-stm32.10.3-2021.10.linux64_1.0.200.202301161003/tools/bin/../lib/gcc/arm-none-eabi/10.3.1/../../../../arm-none-eabi/lib/thumb/v7-m/nofp/libc_nano.a(lib_a-memset.o)
                0x0000000008002a20                memset
 *(.glue_7)
 .glue_7        0x0000000008002a30        0x0 linker stubs
 *(.glue_7t)
 .glue_7t       0x0000000008002a30        0x0 linker stubs
 *(.eh_frame)
 .eh_frame      0x0000000008002a30        0x0 /opt/st/stm32cubeide_1.12.0/plugins/com.st.stm32cube.ide.mcu.externaltools.gnu-tools-for-stm32.10.3-2021.10.linux64_1.0.200.202301161003/tools/bin/../lib/gcc/arm-none-eabi/10.3.1/thumb/v7-m/nofp/crtbegin.o
 *(.init)
 .init          0x0000000008002a30        0x4 /opt/st/stm32cubeide_1.12.0/plugins/com.st.stm32cube.ide.mcu.externaltools.gnu-tools-for-stm32.10.3-2021.10.linux64_1.0.200.202301161003/tools/bin/../lib/gcc/arm-none-eabi/10.3.1/thumb/v7-m/nofp/crti.o
                0x0000000008002a30                _init
 .init          0x0000000008002a34        0x8 /opt/st/stm32cubeide_1.12.0/plugins/com.st.stm32cube.ide.mcu.externaltools.gnu-tools-for-stm32.10.3-2021.10.linux64_1.0.200.202301161003/tools/bin/../lib/gcc/arm-none-eabi/10.3.1/thumb/v7-m/nofp/crtn.o
 *(.fini)
 .fini          0x0000000008002a3c        0x4 /opt/st/stm32cubeide_1.12.0/plugins/com.st.stm32cube.ide.mcu.externaltools.gnu-tools-for-stm32.10.3-2021.10.linux64_1.0.200.202301161003/tools/bin/../lib/gcc/arm-none-eabi/10.3.1/thumb/v7-m/nofp/crti.o
                0x0000000008002a3c                _fini
 .fini          0x0000000008002a40        0x8 /opt/st/stm32cubeide_1.12.0/plugins/com.st.stm32cube.ide.mcu.externaltools.gnu-tools-for-stm32.10.3-2021.10.linux64_1.0.200.202301161003/tools/bin/../lib/gcc/arm-none-eabi/10.3.1/thumb/v7-m/nofp/crtn.o
                0x0000000008002a48                . = ALIGN (0x4)
                0x0000000008002a48                _etext = .

.vfp11_veneer   0x0000000008002a48        0x0
 .vfp11_veneer  0x0000000008002a48        0x0 linker stubs

.v4_bx          0x0000000008002a48        0x0
 .v4_bx         0x0000000008002a48        0x0 linker stubs

.iplt           0x0000000008002a48        0x0
 .iplt          0x0000000008002a48        0x0 /opt/st/stm32cubeide_1.12.0/plugins/com.st.stm32cube.ide.mcu.externaltools.gnu-tools-for-stm32.10.3-2021.10.linux64_1.0.200.202301161003/tools/bin/../lib/gcc/arm-none-eabi/10.3.1/thumb/v7-m/nofp/crtbegin.o

.rodata         0x0000000008002a48       0x48
                0x0000000008002a48                . = ALIGN (0x4)
 *(.rodata)
 .rodata        0x0000000008002a48       0x17 ./Core/Src/main.o
 *fill*         0x0000000008002a5f        0x1 
 .rodata        0x0000000008002a60       0x10 ./Drivers/STM32F1xx_HAL_Driver/Src/stm32f1xx_hal_rcc.o
 .rodata        0x0000000008002a70        0x5 ./source_rtos/FreeRTOS/tasks.o
 *(.rodata*)
 *fill*         0x0000000008002a75        0x3 
 .rodata.AHBPrescTable
                0x0000000008002a78       0x10 ./Core/Src/system_stm32f1xx.o
                0x0000000008002a78                AHBPrescTable
 .rodata.APBPrescTable
                0x0000000008002a88        0x8 ./Core/Src/system_stm32f1xx.o
                0x0000000008002a88                APBPrescTable
                0x0000000008002a90                . = ALIGN (0x4)

.rel.dyn        0x0000000008002a90        0x0
 .rel.iplt      0x0000000008002a90        0x0 /opt/st/stm32cubeide_1.12.0/plugins/com.st.stm32cube.ide.mcu.externaltools.gnu-tools-for-stm32.10.3-2021.10.linux64_1.0.200.202301161003/tools/bin/../lib/gcc/arm-none-eabi/10.3.1/thumb/v7-m/nofp/crtbegin.o

.ARM.extab      0x0000000008002a90        0x0
                0x0000000008002a90                . = ALIGN (0x4)
 *(.ARM.extab* .gnu.linkonce.armextab.*)
                0x0000000008002a90                . = ALIGN (0x4)

.ARM            0x0000000008002a90        0x0
                0x0000000008002a90                . = ALIGN (0x4)
                0x0000000008002a90                __exidx_start = .
 *(.ARM.exidx*)
                0x0000000008002a90                __exidx_end = .
                0x0000000008002a90                . = ALIGN (0x4)

.preinit_array  0x0000000008002a90        0x0
                0x0000000008002a90                . = ALIGN (0x4)
                0x0000000008002a90                PROVIDE (__preinit_array_start = .)
 *(.preinit_array*)
                0x0000000008002a90                PROVIDE (__preinit_array_end = .)
                0x0000000008002a90                . = ALIGN (0x4)

.init_array     0x0000000008002a90        0x4
                0x0000000008002a90                . = ALIGN (0x4)
                0x0000000008002a90                PROVIDE (__init_array_start = .)
 *(SORT_BY_NAME(.init_array.*))
 *(.init_array*)
 .init_array    0x0000000008002a90        0x4 /opt/st/stm32cubeide_1.12.0/plugins/com.st.stm32cube.ide.mcu.externaltools.gnu-tools-for-stm32.10.3-2021.10.linux64_1.0.200.202301161003/tools/bin/../lib/gcc/arm-none-eabi/10.3.1/thumb/v7-m/nofp/crtbegin.o
                0x0000000008002a94                PROVIDE (__init_array_end = .)
                0x0000000008002a94                . = ALIGN (0x4)

.fini_array     0x0000000008002a94        0x4
                0x0000000008002a94                . = ALIGN (0x4)
                [!provide]                        PROVIDE (__fini_array_start = .)
 *(SORT_BY_NAME(.fini_array.*))
 *(.fini_array*)
 .fini_array    0x0000000008002a94        0x4 /opt/st/stm32cubeide_1.12.0/plugins/com.st.stm32cube.ide.mcu.externaltools.gnu-tools-for-stm32.10.3-2021.10.linux64_1.0.200.202301161003/tools/bin/../lib/gcc/arm-none-eabi/10.3.1/thumb/v7-m/nofp/crtbegin.o
                [!provide]                        PROVIDE (__fini_array_end = .)
                0x0000000008002a98                . = ALIGN (0x4)
                0x0000000008002a98                _sidata = LOADADDR (.data)

.data           0x0000000020000000       0x14 load address 0x0000000008002a98
                0x0000000020000000                . = ALIGN (0x4)
                0x0000000020000000                _sdata = .
 *(.data)
 *(.data*)
 .data.SystemCoreClock
                0x0000000020000000        0x4 ./Core/Src/system_stm32f1xx.o
                0x0000000020000000                SystemCoreClock
 .data.uwTickPrio
                0x0000000020000004        0x4 ./Drivers/STM32F1xx_HAL_Driver/Src/stm32f1xx_hal.o
                0x0000000020000004                uwTickPrio
 .data.uwTickFreq
                0x0000000020000008        0x1 ./Drivers/STM32F1xx_HAL_Driver/Src/stm32f1xx_hal.o
                0x0000000020000008                uwTickFreq
 *fill*         0x0000000020000009        0x3 
 .data.uxTopUsedPriority
                0x000000002000000c        0x4 ./source_rtos/FreeRTOS/tasks.o
                0x000000002000000c                uxTopUsedPriority
 .data.uxCriticalNesting
                0x0000000020000010        0x4 ./source_rtos/FreeRTOS/portable/GCC/ARM_CM3/port.o
 *(.RamFunc)
 *(.RamFunc*)
                0x0000000020000014                . = ALIGN (0x4)
                0x0000000020000014                _edata = .

.igot.plt       0x0000000020000014        0x0 load address 0x0000000008002aac
 .igot.plt      0x0000000020000014        0x0 /opt/st/stm32cubeide_1.12.0/plugins/com.st.stm32cube.ide.mcu.externaltools.gnu-tools-for-stm32.10.3-2021.10.linux64_1.0.200.202301161003/tools/bin/../lib/gcc/arm-none-eabi/10.3.1/thumb/v7-m/nofp/crtbegin.o
                0x0000000020000014                . = ALIGN (0x4)

.bss            0x0000000020000014     0x2994 load address 0x0000000008002aac
                0x0000000020000014                _sbss = .
                0x0000000020000014                __bss_start__ = _sbss
 *(.bss)
 .bss           0x0000000020000014       0x1c /opt/st/stm32cubeide_1.12.0/plugins/com.st.stm32cube.ide.mcu.externaltools.gnu-tools-for-stm32.10.3-2021.10.linux64_1.0.200.202301161003/tools/bin/../lib/gcc/arm-none-eabi/10.3.1/thumb/v7-m/nofp/crtbegin.o
 *(.bss*)
 .bss.t1        0x0000000020000030        0x4 ./Core/Src/main.o
                0x0000000020000030                t1
 .bss.t2        0x0000000020000034        0x4 ./Core/Src/main.o
                0x0000000020000034                t2
 .bss.t3        0x0000000020000038        0x4 ./Core/Src/main.o
                0x0000000020000038                t3
 .bss.htim4     0x000000002000003c       0x48 ./Core/Src/stm32f1xx_hal_timebase_tim.o
                0x000000002000003c                htim4
 .bss.uwTick    0x0000000020000084        0x4 ./Drivers/STM32F1xx_HAL_Driver/Src/stm32f1xx_hal.o
                0x0000000020000084                uwTick
 .bss.pxCurrentTCB
                0x0000000020000088        0x4 ./source_rtos/FreeRTOS/tasks.o
                0x0000000020000088                pxCurrentTCB
 .bss.pxReadyTasksLists
                0x000000002000008c       0x64 ./source_rtos/FreeRTOS/tasks.o
 .bss.xDelayedTaskList1
                0x00000000200000f0       0x14 ./source_rtos/FreeRTOS/tasks.o
 .bss.xDelayedTaskList2
                0x0000000020000104       0x14 ./source_rtos/FreeRTOS/tasks.o
 .bss.pxDelayedTaskList
                0x0000000020000118        0x4 ./source_rtos/FreeRTOS/tasks.o
 .bss.pxOverflowDelayedTaskList
                0x000000002000011c        0x4 ./source_rtos/FreeRTOS/tasks.o
 .bss.xPendingReadyList
                0x0000000020000120       0x14 ./source_rtos/FreeRTOS/tasks.o
 .bss.xTasksWaitingTermination
                0x0000000020000134       0x14 ./source_rtos/FreeRTOS/tasks.o
 .bss.uxDeletedTasksWaitingCleanUp
                0x0000000020000148        0x4 ./source_rtos/FreeRTOS/tasks.o
 .bss.xSuspendedTaskList
                0x000000002000014c       0x14 ./source_rtos/FreeRTOS/tasks.o
 .bss.uxCurrentNumberOfTasks
                0x0000000020000160        0x4 ./source_rtos/FreeRTOS/tasks.o
 .bss.xTickCount
                0x0000000020000164        0x4 ./source_rtos/FreeRTOS/tasks.o
 .bss.uxTopReadyPriority
                0x0000000020000168        0x4 ./source_rtos/FreeRTOS/tasks.o
 .bss.xSchedulerRunning
                0x000000002000016c        0x4 ./source_rtos/FreeRTOS/tasks.o
 .bss.xPendedTicks
                0x0000000020000170        0x4 ./source_rtos/FreeRTOS/tasks.o
 .bss.xYieldPending
                0x0000000020000174        0x4 ./source_rtos/FreeRTOS/tasks.o
 .bss.xNumOfOverflows
                0x0000000020000178        0x4 ./source_rtos/FreeRTOS/tasks.o
 .bss.uxTaskNumber
                0x000000002000017c        0x4 ./source_rtos/FreeRTOS/tasks.o
 .bss.xNextTaskUnblockTime
                0x0000000020000180        0x4 ./source_rtos/FreeRTOS/tasks.o
 .bss.xIdleTaskHandle
                0x0000000020000184        0x4 ./source_rtos/FreeRTOS/tasks.o
 .bss.uxSchedulerSuspended
                0x0000000020000188        0x4 ./source_rtos/FreeRTOS/tasks.o
 .bss.ucHeap    0x000000002000018c     0x2800 ./source_rtos/FreeRTOS/portable/MemMang/heap_4.o
 .bss.xStart    0x000000002000298c        0x8 ./source_rtos/FreeRTOS/portable/MemMang/heap_4.o
 .bss.pxEnd     0x0000000020002994        0x4 ./source_rtos/FreeRTOS/portable/MemMang/heap_4.o
 .bss.xFreeBytesRemaining
                0x0000000020002998        0x4 ./source_rtos/FreeRTOS/portable/MemMang/heap_4.o
 .bss.xMinimumEverFreeBytesRemaining
                0x000000002000299c        0x4 ./source_rtos/FreeRTOS/portable/MemMang/heap_4.o
 .bss.xNumberOfSuccessfulAllocations
                0x00000000200029a0        0x4 ./source_rtos/FreeRTOS/portable/MemMang/heap_4.o
 .bss.xNumberOfSuccessfulFrees
                0x00000000200029a4        0x4 ./source_rtos/FreeRTOS/portable/MemMang/heap_4.o
 *(COMMON)
                0x00000000200029a8                . = ALIGN (0x4)
                0x00000000200029a8                _ebss = .
                0x00000000200029a8                __bss_end__ = _ebss

._user_heap_stack
                0x00000000200029a8      0x600 load address 0x0000000008002aac
                0x00000000200029a8                . = ALIGN (0x8)
                [!provide]                        PROVIDE (end = .)
                0x00000000200029a8                PROVIDE (_end = .)
                0x0000000020002ba8                . = (. + _Min_Heap_Size)
 *fill*         0x00000000200029a8      0x200 
                0x0000000020002fa8                . = (. + _Min_Stack_Size)
 *fill*         0x0000000020002ba8      0x400 
                0x0000000020002fa8                . = ALIGN (0x8)

/DISCARD/
 libc.a(*)
 libm.a(*)
 libgcc.a(*)

.ARM.attributes
                0x0000000000000000       0x29
 *(.ARM.attributes)
 .ARM.attributes
                0x0000000000000000       0x1d /opt/st/stm32cubeide_1.12.0/plugins/com.st.stm32cube.ide.mcu.externaltools.gnu-tools-for-stm32.10.3-2021.10.linux64_1.0.200.202301161003/tools/bin/../lib/gcc/arm-none-eabi/10.3.1/thumb/v7-m/nofp/crti.o
 .ARM.attributes
                0x000000000000001d       0x2d /opt/st/stm32cubeide_1.12.0/plugins/com.st.stm32cube.ide.mcu.externaltools.gnu-tools-for-stm32.10.3-2021.10.linux64_1.0.200.202301161003/tools/bin/../lib/gcc/arm-none-eabi/10.3.1/thumb/v7-m/nofp/crtbegin.o
 .ARM.attributes
                0x000000000000004a       0x2d ./Core/Src/main.o
 .ARM.attributes
                0x0000000000000077       0x2d ./Core/Src/stm32f1xx_hal_msp.o
 .ARM.attributes
                0x00000000000000a4       0x2d ./Core/Src/stm32f1xx_hal_timebase_tim.o
 .ARM.attributes
                0x00000000000000d1       0x2d ./Core/Src/stm32f1xx_it.o
 .ARM.attributes
                0x00000000000000fe       0x2d ./Core/Src/system_stm32f1xx.o
 .ARM.attributes
                0x000000000000012b       0x21 ./Core/Startup/startup_stm32f103c8tx.o
 .ARM.attributes
                0x000000000000014c       0x2d ./Drivers/STM32F1xx_HAL_Driver/Src/stm32f1xx_hal.o
 .ARM.attributes
                0x0000000000000179       0x2d ./Drivers/STM32F1xx_HAL_Driver/Src/stm32f1xx_hal_cortex.o
 .ARM.attributes
                0x00000000000001a6       0x2d ./Drivers/STM32F1xx_HAL_Driver/Src/stm32f1xx_hal_gpio.o
 .ARM.attributes
                0x00000000000001d3       0x2d ./Drivers/STM32F1xx_HAL_Driver/Src/stm32f1xx_hal_rcc.o
 .ARM.attributes
                0x0000000000000200       0x2d ./Drivers/STM32F1xx_HAL_Driver/Src/stm32f1xx_hal_tim.o
 .ARM.attributes
                0x000000000000022d       0x2d ./Drivers/STM32F1xx_HAL_Driver/Src/stm32f1xx_hal_tim_ex.o
 .ARM.attributes
                0x000000000000025a       0x2d ./source_rtos/FreeRTOS/list.o
 .ARM.attributes
                0x0000000000000287       0x2d ./source_rtos/FreeRTOS/tasks.o
 .ARM.attributes
                0x00000000000002b4       0x2d ./source_rtos/FreeRTOS/portable/GCC/ARM_CM3/port.o
 .ARM.attributes
                0x00000000000002e1       0x2d ./source_rtos/FreeRTOS/portable/MemMang/heap_4.o
 .ARM.attributes
                0x000000000000030e       0x2d /opt/st/stm32cubeide_1.12.0/plugins/com.st.stm32cube.ide.mcu.externaltools.gnu-tools-for-stm32.10.3-2021.10.linux64_1.0.200.202301161003/tools/bin/../lib/gcc/arm-none-eabi/10.3.1/../../../../arm-none-eabi/lib/thumb/v7-m/nofp/libc_nano.a(lib_a-init.o)
 .ARM.attributes
                0x000000000000033b       0x2d /opt/st/stm32cubeide_1.12.0/plugins/com.st.stm32cube.ide.mcu.externaltools.gnu-tools-for-stm32.10.3-2021.10.linux64_1.0.200.202301161003/tools/bin/../lib/gcc/arm-none-eabi/10.3.1/../../../../arm-none-eabi/lib/thumb/v7-m/nofp/libc_nano.a(lib_a-memset.o)
 .ARM.attributes
                0x0000000000000368       0x1d /opt/st/stm32cubeide_1.12.0/plugins/com.st.stm32cube.ide.mcu.externaltools.gnu-tools-for-stm32.10.3-2021.10.linux64_1.0.200.202301161003/tools/bin/../lib/gcc/arm-none-eabi/10.3.1/thumb/v7-m/nofp/crtn.o
OUTPUT(02-delay_tasks.elf elf32-littlearm)
LOAD linker stubs
LOAD /opt/st/stm32cubeide_1.12.0/plugins/com.st.stm32cube.ide.mcu.externaltools.gnu-tools-for-stm32.10.3-2021.10.linux64_1.0.200.202301161003/tools/bin/../lib/gcc/arm-none-eabi/10.3.1/../../../../arm-none-eabi/lib/thumb/v7-m/nofp/libc.a
LOAD /opt/st/stm32cubeide_1.12.0/plugins/com.st.stm32cube.ide.mcu.externaltools.gnu-tools-for-stm32.10.3-2021.10.linux64_1.0.200.202301161003/tools/bin/../lib/gcc/arm-none-eabi/10.3.1/../../../../arm-none-eabi/lib/thumb/v7-m/nofp/libm.a
LOAD /opt/st/stm32cubeide_1.12.0/plugins/com.st.stm32cube.ide.mcu.externaltools.gnu-tools-for-stm32.10.3-2021.10.linux64_1.0.200.202301161003/tools/bin/../lib/gcc/arm-none-eabi/10.3.1/thumb/v7-m/nofp/libgcc.a

.debug_info     0x0000000000000000     0xa646
 .debug_info    0x0000000000000000      0xcb1 ./Core/Src/main.o
 .debug_info    0x0000000000000cb1      0x210 ./Core/Src/stm32f1xx_hal_msp.o
 .debug_info    0x0000000000000ec1      0x9f8 ./Core/Src/stm32f1xx_hal_timebase_tim.o
 .debug_info    0x00000000000018b9      0x6b4 ./Core/Src/stm32f1xx_it.o
 .debug_info    0x0000000000001f6d      0x23d ./Core/Src/system_stm32f1xx.o
 .debug_info    0x00000000000021aa       0x22 ./Core/Startup/startup_stm32f103c8tx.o
 .debug_info    0x00000000000021cc      0x734 ./Drivers/STM32F1xx_HAL_Driver/Src/stm32f1xx_hal.o
 .debug_info    0x0000000000002900      0xb20 ./Drivers/STM32F1xx_HAL_Driver/Src/stm32f1xx_hal_cortex.o
 .debug_info    0x0000000000003420      0x615 ./Drivers/STM32F1xx_HAL_Driver/Src/stm32f1xx_hal_gpio.o
 .debug_info    0x0000000000003a35      0x860 ./Drivers/STM32F1xx_HAL_Driver/Src/stm32f1xx_hal_rcc.o
 .debug_info    0x0000000000004295     0x29de ./Drivers/STM32F1xx_HAL_Driver/Src/stm32f1xx_hal_tim.o
 .debug_info    0x0000000000006c73     0x1513 ./Drivers/STM32F1xx_HAL_Driver/Src/stm32f1xx_hal_tim_ex.o
 .debug_info    0x0000000000008186      0x2d1 ./source_rtos/FreeRTOS/list.o
 .debug_info    0x0000000000008457     0x1a2b ./source_rtos/FreeRTOS/tasks.o
 .debug_info    0x0000000000009e82      0x2f7 ./source_rtos/FreeRTOS/portable/GCC/ARM_CM3/port.o
 .debug_info    0x000000000000a179      0x4cd ./source_rtos/FreeRTOS/portable/MemMang/heap_4.o

.debug_abbrev   0x0000000000000000     0x1e50
 .debug_abbrev  0x0000000000000000      0x263 ./Core/Src/main.o
 .debug_abbrev  0x0000000000000263       0xd4 ./Core/Src/stm32f1xx_hal_msp.o
 .debug_abbrev  0x0000000000000337      0x1e6 ./Core/Src/stm32f1xx_hal_timebase_tim.o
 .debug_abbrev  0x000000000000051d      0x184 ./Core/Src/stm32f1xx_it.o
 .debug_abbrev  0x00000000000006a1      0x13b ./Core/Src/system_stm32f1xx.o
 .debug_abbrev  0x00000000000007dc       0x12 ./Core/Startup/startup_stm32f103c8tx.o
 .debug_abbrev  0x00000000000007ee      0x1fb ./Drivers/STM32F1xx_HAL_Driver/Src/stm32f1xx_hal.o
 .debug_abbrev  0x00000000000009e9      0x2ed ./Drivers/STM32F1xx_HAL_Driver/Src/stm32f1xx_hal_cortex.o
 .debug_abbrev  0x0000000000000cd6      0x1bb ./Drivers/STM32F1xx_HAL_Driver/Src/stm32f1xx_hal_gpio.o
 .debug_abbrev  0x0000000000000e91      0x2a8 ./Drivers/STM32F1xx_HAL_Driver/Src/stm32f1xx_hal_rcc.o
 .debug_abbrev  0x0000000000001139      0x25d ./Drivers/STM32F1xx_HAL_Driver/Src/stm32f1xx_hal_tim.o
 .debug_abbrev  0x0000000000001396      0x265 ./Drivers/STM32F1xx_HAL_Driver/Src/stm32f1xx_hal_tim_ex.o
 .debug_abbrev  0x00000000000015fb       0xf2 ./source_rtos/FreeRTOS/list.o
 .debug_abbrev  0x00000000000016ed      0x369 ./source_rtos/FreeRTOS/tasks.o
 .debug_abbrev  0x0000000000001a56      0x20e ./source_rtos/FreeRTOS/portable/GCC/ARM_CM3/port.o
 .debug_abbrev  0x0000000000001c64      0x1ec ./source_rtos/FreeRTOS/portable/MemMang/heap_4.o

.debug_aranges  0x0000000000000000      0xbe8
 .debug_aranges
                0x0000000000000000       0x58 ./Core/Src/main.o
 .debug_aranges
                0x0000000000000058       0x20 ./Core/Src/stm32f1xx_hal_msp.o
 .debug_aranges
                0x0000000000000078       0x30 ./Core/Src/stm32f1xx_hal_timebase_tim.o
 .debug_aranges
                0x00000000000000a8       0x50 ./Core/Src/stm32f1xx_it.o
 .debug_aranges
                0x00000000000000f8       0x28 ./Core/Src/system_stm32f1xx.o
 .debug_aranges
                0x0000000000000120       0x28 ./Core/Startup/startup_stm32f103c8tx.o
 .debug_aranges
                0x0000000000000148       0xe0 ./Drivers/STM32F1xx_HAL_Driver/Src/stm32f1xx_hal.o
 .debug_aranges
                0x0000000000000228      0x100 ./Drivers/STM32F1xx_HAL_Driver/Src/stm32f1xx_hal_cortex.o
 .debug_aranges
                0x0000000000000328       0x58 ./Drivers/STM32F1xx_HAL_Driver/Src/stm32f1xx_hal_gpio.o
 .debug_aranges
                0x0000000000000380       0x90 ./Drivers/STM32F1xx_HAL_Driver/Src/stm32f1xx_hal_rcc.o
 .debug_aranges
                0x0000000000000410      0x3d0 ./Drivers/STM32F1xx_HAL_Driver/Src/stm32f1xx_hal_tim.o
 .debug_aranges
                0x00000000000007e0      0x168 ./Drivers/STM32F1xx_HAL_Driver/Src/stm32f1xx_hal_tim_ex.o
 .debug_aranges
                0x0000000000000948       0x40 ./source_rtos/FreeRTOS/list.o
 .debug_aranges
                0x0000000000000988      0x190 ./source_rtos/FreeRTOS/tasks.o
 .debug_aranges
                0x0000000000000b18       0x70 ./source_rtos/FreeRTOS/portable/GCC/ARM_CM3/port.o
 .debug_aranges
                0x0000000000000b88       0x60 ./source_rtos/FreeRTOS/portable/MemMang/heap_4.o

.debug_ranges   0x0000000000000000      0xaf0
 .debug_ranges  0x0000000000000000       0x48 ./Core/Src/main.o
 .debug_ranges  0x0000000000000048       0x10 ./Core/Src/stm32f1xx_hal_msp.o
 .debug_ranges  0x0000000000000058       0x20 ./Core/Src/stm32f1xx_hal_timebase_tim.o
 .debug_ranges  0x0000000000000078       0x40 ./Core/Src/stm32f1xx_it.o
 .debug_ranges  0x00000000000000b8       0x18 ./Core/Src/system_stm32f1xx.o
 .debug_ranges  0x00000000000000d0       0x20 ./Core/Startup/startup_stm32f103c8tx.o
 .debug_ranges  0x00000000000000f0       0xd0 ./Drivers/STM32F1xx_HAL_Driver/Src/stm32f1xx_hal.o
 .debug_ranges  0x00000000000001c0       0xf0 ./Drivers/STM32F1xx_HAL_Driver/Src/stm32f1xx_hal_cortex.o
 .debug_ranges  0x00000000000002b0       0x48 ./Drivers/STM32F1xx_HAL_Driver/Src/stm32f1xx_hal_gpio.o
 .debug_ranges  0x00000000000002f8       0x80 ./Drivers/STM32F1xx_HAL_Driver/Src/stm32f1xx_hal_rcc.o
 .debug_ranges  0x0000000000000378      0x3c0 ./Drivers/STM32F1xx_HAL_Driver/Src/stm32f1xx_hal_tim.o
 .debug_ranges  0x0000000000000738      0x158 ./Drivers/STM32F1xx_HAL_Driver/Src/stm32f1xx_hal_tim_ex.o
 .debug_ranges  0x0000000000000890       0x30 ./source_rtos/FreeRTOS/list.o
 .debug_ranges  0x00000000000008c0      0x180 ./source_rtos/FreeRTOS/tasks.o
 .debug_ranges  0x0000000000000a40       0x60 ./source_rtos/FreeRTOS/portable/GCC/ARM_CM3/port.o
 .debug_ranges  0x0000000000000aa0       0x50 ./source_rtos/FreeRTOS/portable/MemMang/heap_4.o

.debug_macro    0x0000000000000000    0x17ab9
 .debug_macro   0x0000000000000000      0x220 ./Core/Src/main.o
 .debug_macro   0x0000000000000220      0xa6c ./Core/Src/main.o
 .debug_macro   0x0000000000000c8c      0x215 ./Core/Src/main.o
 .debug_macro   0x0000000000000ea1       0x2e ./Core/Src/main.o
 .debug_macro   0x0000000000000ecf       0x22 ./Core/Src/main.o
 .debug_macro   0x0000000000000ef1       0x22 ./Core/Src/main.o
 .debug_macro   0x0000000000000f13       0x8e ./Core/Src/main.o
 .debug_macro   0x0000000000000fa1       0x51 ./Core/Src/main.o
 .debug_macro   0x0000000000000ff2      0x103 ./Core/Src/main.o
 .debug_macro   0x00000000000010f5       0x6a ./Core/Src/main.o
 .debug_macro   0x000000000000115f      0x1df ./Core/Src/main.o
 .debug_macro   0x000000000000133e       0x1c ./Core/Src/main.o
 .debug_macro   0x000000000000135a       0x22 ./Core/Src/main.o
 .debug_macro   0x000000000000137c       0xbd ./Core/Src/main.o
 .debug_macro   0x0000000000001439      0xd23 ./Core/Src/main.o
 .debug_macro   0x000000000000215c     0xe09e ./Core/Src/main.o
 .debug_macro   0x00000000000101fa       0x6d ./Core/Src/main.o
 .debug_macro   0x0000000000010267     0x3468 ./Core/Src/main.o
 .debug_macro   0x00000000000136cf      0x174 ./Core/Src/main.o
 .debug_macro   0x0000000000013843       0x5c ./Core/Src/main.o
 .debug_macro   0x000000000001389f      0x5be ./Core/Src/main.o
 .debug_macro   0x0000000000013e5d      0x289 ./Core/Src/main.o
 .debug_macro   0x00000000000140e6      0x1cb ./Core/Src/main.o
 .debug_macro   0x00000000000142b1      0x114 ./Core/Src/main.o
 .debug_macro   0x00000000000143c5      0x1b2 ./Core/Src/main.o
 .debug_macro   0x0000000000014577       0x27 ./Core/Src/main.o
 .debug_macro   0x000000000001459e      0x136 ./Core/Src/main.o
 .debug_macro   0x00000000000146d4      0x1bc ./Core/Src/main.o
 .debug_macro   0x0000000000014890       0x34 ./Core/Src/main.o
 .debug_macro   0x00000000000148c4       0x3c ./Core/Src/main.o
 .debug_macro   0x0000000000014900       0x57 ./Core/Src/main.o
 .debug_macro   0x0000000000014957       0x88 ./Core/Src/main.o
 .debug_macro   0x00000000000149df      0x241 ./Core/Src/main.o
 .debug_macro   0x0000000000014c20      0x141 ./Core/Src/main.o
 .debug_macro   0x0000000000014d61      0x8d1 ./Core/Src/main.o
 .debug_macro   0x0000000000015632       0x83 ./Core/Src/main.o
 .debug_macro   0x00000000000156b5       0x28 ./Core/Src/main.o
 .debug_macro   0x00000000000156dd       0x16 ./Core/Src/main.o
 .debug_macro   0x00000000000156f3       0xa0 ./Core/Src/main.o
 .debug_macro   0x0000000000015793      0x15a ./Core/Src/main.o
 .debug_macro   0x00000000000158ed       0xea ./Core/Src/main.o
 .debug_macro   0x00000000000159d7       0x28 ./Core/Src/main.o
 .debug_macro   0x00000000000159ff       0x1f ./Core/Src/main.o
 .debug_macro   0x0000000000015a1e       0x12 ./Core/Src/main.o
 .debug_macro   0x0000000000015a30      0x587 ./Core/Src/main.o
 .debug_macro   0x0000000000015fb7       0xc3 ./Core/Src/main.o
 .debug_macro   0x000000000001607a      0x120 ./Core/Src/main.o
 .debug_macro   0x000000000001619a      0x208 ./Core/Src/stm32f1xx_hal_msp.o
 .debug_macro   0x00000000000163a2      0x199 ./Core/Src/stm32f1xx_hal_timebase_tim.o
 .debug_macro   0x000000000001653b      0x1b2 ./Core/Src/stm32f1xx_it.o
 .debug_macro   0x00000000000166ed      0x199 ./Core/Src/system_stm32f1xx.o
 .debug_macro   0x0000000000016886      0x1bd ./Drivers/STM32F1xx_HAL_Driver/Src/stm32f1xx_hal.o
 .debug_macro   0x0000000000016a43      0x199 ./Drivers/STM32F1xx_HAL_Driver/Src/stm32f1xx_hal_cortex.o
 .debug_macro   0x0000000000016bdc      0x204 ./Drivers/STM32F1xx_HAL_Driver/Src/stm32f1xx_hal_gpio.o
 .debug_macro   0x0000000000016de0      0x1ab ./Drivers/STM32F1xx_HAL_Driver/Src/stm32f1xx_hal_rcc.o
 .debug_macro   0x0000000000016f8b      0x19a ./Drivers/STM32F1xx_HAL_Driver/Src/stm32f1xx_hal_tim.o
 .debug_macro   0x0000000000017125      0x199 ./Drivers/STM32F1xx_HAL_Driver/Src/stm32f1xx_hal_tim_ex.o
 .debug_macro   0x00000000000172be      0x1a3 ./source_rtos/FreeRTOS/list.o
 .debug_macro   0x0000000000017461      0x289 ./source_rtos/FreeRTOS/tasks.o
 .debug_macro   0x00000000000176ea       0x17 ./source_rtos/FreeRTOS/tasks.o
 .debug_macro   0x0000000000017701      0x194 ./source_rtos/FreeRTOS/portable/GCC/ARM_CM3/port.o
 .debug_macro   0x0000000000017895      0x224 ./source_rtos/FreeRTOS/portable/MemMang/heap_4.o

.debug_line     0x0000000000000000     0xc78c
 .debug_line    0x0000000000000000      0x925 ./Core/Src/main.o
 .debug_line    0x0000000000000925      0x7c9 ./Core/Src/stm32f1xx_hal_msp.o
 .debug_line    0x00000000000010ee      0x6ba ./Core/Src/stm32f1xx_hal_timebase_tim.o
 .debug_line    0x00000000000017a8      0x6dd ./Core/Src/stm32f1xx_it.o
 .debug_line    0x0000000000001e85      0x6bc ./Core/Src/system_stm32f1xx.o
 .debug_line    0x0000000000002541       0x87 ./Core/Startup/startup_stm32f103c8tx.o
 .debug_line    0x00000000000025c8      0x8e9 ./Drivers/STM32F1xx_HAL_Driver/Src/stm32f1xx_hal.o
 .debug_line    0x0000000000002eb1      0xad1 ./Drivers/STM32F1xx_HAL_Driver/Src/stm32f1xx_hal_cortex.o
 .debug_line    0x0000000000003982      0x980 ./Drivers/STM32F1xx_HAL_Driver/Src/stm32f1xx_hal_gpio.o
 .debug_line    0x0000000000004302      0xcf7 ./Drivers/STM32F1xx_HAL_Driver/Src/stm32f1xx_hal_rcc.o
 .debug_line    0x0000000000004ff9     0x329f ./Drivers/STM32F1xx_HAL_Driver/Src/stm32f1xx_hal_tim.o
 .debug_line    0x0000000000008298     0x1811 ./Drivers/STM32F1xx_HAL_Driver/Src/stm32f1xx_hal_tim_ex.o
 .debug_line    0x0000000000009aa9      0x75d ./source_rtos/FreeRTOS/list.o
 .debug_line    0x000000000000a206     0x1528 ./source_rtos/FreeRTOS/tasks.o
 .debug_line    0x000000000000b72e      0x6e1 ./source_rtos/FreeRTOS/portable/GCC/ARM_CM3/port.o
 .debug_line    0x000000000000be0f      0x97d ./source_rtos/FreeRTOS/portable/MemMang/heap_4.o

.debug_str      0x0000000000000000    0x8e4b0
 .debug_str     0x0000000000000000    0x86a93 ./Core/Src/main.o
                                      0x86ea7 (size before relaxing)
 .debug_str     0x0000000000086a93       0x5a ./Core/Src/stm32f1xx_hal_msp.o
                                      0x84957 (size before relaxing)
 .debug_str     0x0000000000086aed      0x39d ./Core/Src/stm32f1xx_hal_timebase_tim.o
                                      0x81fe4 (size before relaxing)
 .debug_str     0x0000000000086e8a       0xcc ./Core/Src/stm32f1xx_it.o
                                      0x81c77 (size before relaxing)
 .debug_str     0x0000000000086f56       0x88 ./Core/Src/system_stm32f1xx.o
                                      0x8171c (size before relaxing)
 .debug_str     0x0000000000086fde       0x36 ./Core/Startup/startup_stm32f103c8tx.o
                                         0x78 (size before relaxing)
 .debug_str     0x0000000000087014      0x34a ./Drivers/STM32F1xx_HAL_Driver/Src/stm32f1xx_hal.o
                                      0x81e4f (size before relaxing)
 .debug_str     0x000000000008735e      0x2a8 ./Drivers/STM32F1xx_HAL_Driver/Src/stm32f1xx_hal_cortex.o
                                      0x81d9b (size before relaxing)
 .debug_str     0x0000000000087606      0x2e3 ./Drivers/STM32F1xx_HAL_Driver/Src/stm32f1xx_hal_gpio.o
                                      0x81aa2 (size before relaxing)
 .debug_str     0x00000000000878e9      0x1ca ./Drivers/STM32F1xx_HAL_Driver/Src/stm32f1xx_hal_rcc.o
                                      0x81b4b (size before relaxing)
 .debug_str     0x0000000000087ab3      0xe69 ./Drivers/STM32F1xx_HAL_Driver/Src/stm32f1xx_hal_tim.o
                                      0x82b36 (size before relaxing)
 .debug_str     0x000000000008891c      0x503 ./Drivers/STM32F1xx_HAL_Driver/Src/stm32f1xx_hal_tim_ex.o
                                      0x82352 (size before relaxing)
 .debug_str     0x0000000000088e1f     0x2fe2 ./source_rtos/FreeRTOS/list.o
                                       0xac05 (size before relaxing)
 .debug_str     0x000000000008be01     0x1a9d ./source_rtos/FreeRTOS/tasks.o
                                       0xd9bc (size before relaxing)
 .debug_str     0x000000000008d89e      0x631 ./source_rtos/FreeRTOS/portable/GCC/ARM_CM3/port.o
                                       0x95a3 (size before relaxing)
 .debug_str     0x000000000008decf      0x5e1 ./source_rtos/FreeRTOS/portable/MemMang/heap_4.o
                                       0xc411 (size before relaxing)

.comment        0x0000000000000000       0x50
 .comment       0x0000000000000000       0x50 ./Core/Src/main.o
                                         0x51 (size before relaxing)
 .comment       0x0000000000000050       0x51 ./Core/Src/stm32f1xx_hal_msp.o
 .comment       0x0000000000000050       0x51 ./Core/Src/stm32f1xx_hal_timebase_tim.o
 .comment       0x0000000000000050       0x51 ./Core/Src/stm32f1xx_it.o
 .comment       0x0000000000000050       0x51 ./Core/Src/system_stm32f1xx.o
 .comment       0x0000000000000050       0x51 ./Drivers/STM32F1xx_HAL_Driver/Src/stm32f1xx_hal.o
 .comment       0x0000000000000050       0x51 ./Drivers/STM32F1xx_HAL_Driver/Src/stm32f1xx_hal_cortex.o
 .comment       0x0000000000000050       0x51 ./Drivers/STM32F1xx_HAL_Driver/Src/stm32f1xx_hal_gpio.o
 .comment       0x0000000000000050       0x51 ./Drivers/STM32F1xx_HAL_Driver/Src/stm32f1xx_hal_rcc.o
 .comment       0x0000000000000050       0x51 ./Drivers/STM32F1xx_HAL_Driver/Src/stm32f1xx_hal_tim.o
 .comment       0x0000000000000050       0x51 ./Drivers/STM32F1xx_HAL_Driver/Src/stm32f1xx_hal_tim_ex.o
 .comment       0x0000000000000050       0x51 ./source_rtos/FreeRTOS/list.o
 .comment       0x0000000000000050       0x51 ./source_rtos/FreeRTOS/tasks.o
 .comment       0x0000000000000050       0x51 ./source_rtos/FreeRTOS/portable/GCC/ARM_CM3/port.o
 .comment       0x0000000000000050       0x51 ./source_rtos/FreeRTOS/portable/MemMang/heap_4.o

.debug_frame    0x0000000000000000     0x3038
 .debug_frame   0x0000000000000000      0x114 ./Core/Src/main.o
 .debug_frame   0x0000000000000114       0x38 ./Core/Src/stm32f1xx_hal_msp.o
 .debug_frame   0x000000000000014c       0x74 ./Core/Src/stm32f1xx_hal_timebase_tim.o
 .debug_frame   0x00000000000001c0       0xc8 ./Core/Src/stm32f1xx_it.o
 .debug_frame   0x0000000000000288       0x58 ./Core/Src/system_stm32f1xx.o
 .debug_frame   0x00000000000002e0      0x334 ./Drivers/STM32F1xx_HAL_Driver/Src/stm32f1xx_hal.o
 .debug_frame   0x0000000000000614      0x428 ./Drivers/STM32F1xx_HAL_Driver/Src/stm32f1xx_hal_cortex.o
 .debug_frame   0x0000000000000a3c      0x14c ./Drivers/STM32F1xx_HAL_Driver/Src/stm32f1xx_hal_gpio.o
 .debug_frame   0x0000000000000b88      0x21c ./Drivers/STM32F1xx_HAL_Driver/Src/stm32f1xx_hal_rcc.o
 .debug_frame   0x0000000000000da4     0x11b8 ./Drivers/STM32F1xx_HAL_Driver/Src/stm32f1xx_hal_tim.o
 .debug_frame   0x0000000000001f5c      0x638 ./Drivers/STM32F1xx_HAL_Driver/Src/stm32f1xx_hal_tim_ex.o
 .debug_frame   0x0000000000002594       0xd8 ./source_rtos/FreeRTOS/list.o
 .debug_frame   0x000000000000266c      0x6d0 ./source_rtos/FreeRTOS/tasks.o
 .debug_frame   0x0000000000002d3c      0x160 ./source_rtos/FreeRTOS/portable/GCC/ARM_CM3/port.o
 .debug_frame   0x0000000000002e9c      0x150 ./source_rtos/FreeRTOS/portable/MemMang/heap_4.o
 .debug_frame   0x0000000000002fec       0x2c /opt/st/stm32cubeide_1.12.0/plugins/com.st.stm32cube.ide.mcu.externaltools.gnu-tools-for-stm32.10.3-2021.10.linux64_1.0.200.202301161003/tools/bin/../lib/gcc/arm-none-eabi/10.3.1/../../../../arm-none-eabi/lib/thumb/v7-m/nofp/libc_nano.a(lib_a-init.o)
 .debug_frame   0x0000000000003018       0x20 /opt/st/stm32cubeide_1.12.0/plugins/com.st.stm32cube.ide.mcu.externaltools.gnu-tools-for-stm32.10.3-2021.10.linux64_1.0.200.202301161003/tools/bin/../lib/gcc/arm-none-eabi/10.3.1/../../../../arm-none-eabi/lib/thumb/v7-m/nofp/libc_nano.a(lib_a-memset.o)
