../source_rtos/FreeRTOS/stream_buffer.c:321:26:xStreamBufferGenericCreate	48	static
../source_rtos/FreeRTOS/stream_buffer.c:475:6:vStreamBufferDelete	24	static
../source_rtos/FreeRTOS/stream_buffer.c:508:12:xStreamBufferReset	56	static
../source_rtos/FreeRTOS/stream_buffer.c:565:12:xStreamBufferSetTriggerLevel	24	static
../source_rtos/FreeRTOS/stream_buffer.c:595:8:xStreamBufferSpacesAvailable	32	static
../source_rtos/FreeRTOS/stream_buffer.c:628:8:xStreamBufferBytesAvailable	24	static
../source_rtos/FreeRTOS/stream_buffer.c:640:8:xStreamBufferSend	64	static
../source_rtos/FreeRTOS/stream_buffer.c:771:8:xStreamBufferSendFromISR	64	static,ignoring_inline_asm
../source_rtos/FreeRTOS/stream_buffer.c:822:15:prvWriteMessageToBuffer	32	static
../source_rtos/FreeRTOS/stream_buffer.c:872:8:xStreamBufferReceive	48	static
../source_rtos/FreeRTOS/stream_buffer.c:976:8:xStreamBufferNextMessageLengthBytes	32	static
../source_rtos/FreeRTOS/stream_buffer.c:1016:8:xStreamBufferReceiveFromISR	64	static,ignoring_inline_asm
../source_rtos/FreeRTOS/stream_buffer.c:1073:15:prvReadMessageFromBuffer	40	static
../source_rtos/FreeRTOS/stream_buffer.c:1125:12:xStreamBufferIsEmpty	32	static
../source_rtos/FreeRTOS/stream_buffer.c:1149:12:xStreamBufferIsFull	32	static
../source_rtos/FreeRTOS/stream_buffer.c:1184:12:xStreamBufferSendCompletedFromISR	48	static,ignoring_inline_asm
../source_rtos/FreeRTOS/stream_buffer.c:1215:12:xStreamBufferReceiveCompletedFromISR	48	static,ignoring_inline_asm
../source_rtos/FreeRTOS/stream_buffer.c:1246:15:prvWriteBytesToBuffer	32	static
../source_rtos/FreeRTOS/stream_buffer.c:1292:15:prvReadBytesFromBuffer	32	static
../source_rtos/FreeRTOS/stream_buffer.c:1336:15:prvBytesInBuffer	24	static
../source_rtos/FreeRTOS/stream_buffer.c:1357:13:prvInitialiseNewStreamBuffer	24	static
